Archive member included to satisfy reference by file (symbol)

c:/st/stm32cubeide_1.12.0/stm32cubeide/plugins/com.st.stm32cube.ide.mcu.externaltools.gnu-tools-for-stm32.10.3-2021.10.win32_1.0.200.202301161003/tools/bin/../lib/gcc/arm-none-eabi/10.3.1/../../../../arm-none-eabi/lib/thumb/v7e-m+fp/hard\libc_nano.a(lib_a-errno.o)
                              ./Core/Src/syscalls.o (__errno)
c:/st/stm32cubeide_1.12.0/stm32cubeide/plugins/com.st.stm32cube.ide.mcu.externaltools.gnu-tools-for-stm32.10.3-2021.10.win32_1.0.200.202301161003/tools/bin/../lib/gcc/arm-none-eabi/10.3.1/../../../../arm-none-eabi/lib/thumb/v7e-m+fp/hard\libc_nano.a(lib_a-exit.o)
                              c:/st/stm32cubeide_1.12.0/stm32cubeide/plugins/com.st.stm32cube.ide.mcu.externaltools.gnu-tools-for-stm32.10.3-2021.10.win32_1.0.200.202301161003/tools/bin/../lib/gcc/arm-none-eabi/10.3.1/../../../../arm-none-eabi/lib/thumb/v7e-m+fp/hard/crt0.o (exit)
c:/st/stm32cubeide_1.12.0/stm32cubeide/plugins/com.st.stm32cube.ide.mcu.externaltools.gnu-tools-for-stm32.10.3-2021.10.win32_1.0.200.202301161003/tools/bin/../lib/gcc/arm-none-eabi/10.3.1/../../../../arm-none-eabi/lib/thumb/v7e-m+fp/hard\libc_nano.a(lib_a-findfp.o)
                              ./Middlewares/Third_Party/FreeRTOS/Source/tasks.o (__sf_fake_stderr)
c:/st/stm32cubeide_1.12.0/stm32cubeide/plugins/com.st.stm32cube.ide.mcu.externaltools.gnu-tools-for-stm32.10.3-2021.10.win32_1.0.200.202301161003/tools/bin/../lib/gcc/arm-none-eabi/10.3.1/../../../../arm-none-eabi/lib/thumb/v7e-m+fp/hard\libc_nano.a(lib_a-fwalk.o)
                              c:/st/stm32cubeide_1.12.0/stm32cubeide/plugins/com.st.stm32cube.ide.mcu.externaltools.gnu-tools-for-stm32.10.3-2021.10.win32_1.0.200.202301161003/tools/bin/../lib/gcc/arm-none-eabi/10.3.1/../../../../arm-none-eabi/lib/thumb/v7e-m+fp/hard\libc_nano.a(lib_a-findfp.o) (_fwalk)
c:/st/stm32cubeide_1.12.0/stm32cubeide/plugins/com.st.stm32cube.ide.mcu.externaltools.gnu-tools-for-stm32.10.3-2021.10.win32_1.0.200.202301161003/tools/bin/../lib/gcc/arm-none-eabi/10.3.1/../../../../arm-none-eabi/lib/thumb/v7e-m+fp/hard\libc_nano.a(lib_a-impure.o)
                              c:/st/stm32cubeide_1.12.0/stm32cubeide/plugins/com.st.stm32cube.ide.mcu.externaltools.gnu-tools-for-stm32.10.3-2021.10.win32_1.0.200.202301161003/tools/bin/../lib/gcc/arm-none-eabi/10.3.1/../../../../arm-none-eabi/lib/thumb/v7e-m+fp/hard\libc_nano.a(lib_a-exit.o) (_global_impure_ptr)
c:/st/stm32cubeide_1.12.0/stm32cubeide/plugins/com.st.stm32cube.ide.mcu.externaltools.gnu-tools-for-stm32.10.3-2021.10.win32_1.0.200.202301161003/tools/bin/../lib/gcc/arm-none-eabi/10.3.1/../../../../arm-none-eabi/lib/thumb/v7e-m+fp/hard\libc_nano.a(lib_a-init.o)
                              c:/st/stm32cubeide_1.12.0/stm32cubeide/plugins/com.st.stm32cube.ide.mcu.externaltools.gnu-tools-for-stm32.10.3-2021.10.win32_1.0.200.202301161003/tools/bin/../lib/gcc/arm-none-eabi/10.3.1/../../../../arm-none-eabi/lib/thumb/v7e-m+fp/hard/crt0.o (__libc_init_array)
c:/st/stm32cubeide_1.12.0/stm32cubeide/plugins/com.st.stm32cube.ide.mcu.externaltools.gnu-tools-for-stm32.10.3-2021.10.win32_1.0.200.202301161003/tools/bin/../lib/gcc/arm-none-eabi/10.3.1/../../../../arm-none-eabi/lib/thumb/v7e-m+fp/hard\libc_nano.a(lib_a-lock.o)
                              c:/st/stm32cubeide_1.12.0/stm32cubeide/plugins/com.st.stm32cube.ide.mcu.externaltools.gnu-tools-for-stm32.10.3-2021.10.win32_1.0.200.202301161003/tools/bin/../lib/gcc/arm-none-eabi/10.3.1/../../../../arm-none-eabi/lib/thumb/v7e-m+fp/hard\libc_nano.a(lib_a-findfp.o) (__retarget_lock_init_recursive)
c:/st/stm32cubeide_1.12.0/stm32cubeide/plugins/com.st.stm32cube.ide.mcu.externaltools.gnu-tools-for-stm32.10.3-2021.10.win32_1.0.200.202301161003/tools/bin/../lib/gcc/arm-none-eabi/10.3.1/../../../../arm-none-eabi/lib/thumb/v7e-m+fp/hard\libc_nano.a(lib_a-memcpy-stub.o)
                              ./Middlewares/Third_Party/FreeRTOS/Source/CMSIS_RTOS_V2/cmsis_os2.o (memcpy)
c:/st/stm32cubeide_1.12.0/stm32cubeide/plugins/com.st.stm32cube.ide.mcu.externaltools.gnu-tools-for-stm32.10.3-2021.10.win32_1.0.200.202301161003/tools/bin/../lib/gcc/arm-none-eabi/10.3.1/../../../../arm-none-eabi/lib/thumb/v7e-m+fp/hard\libc_nano.a(lib_a-memset.o)
                              c:/st/stm32cubeide_1.12.0/stm32cubeide/plugins/com.st.stm32cube.ide.mcu.externaltools.gnu-tools-for-stm32.10.3-2021.10.win32_1.0.200.202301161003/tools/bin/../lib/gcc/arm-none-eabi/10.3.1/../../../../arm-none-eabi/lib/thumb/v7e-m+fp/hard/crt0.o (memset)
c:/st/stm32cubeide_1.12.0/stm32cubeide/plugins/com.st.stm32cube.ide.mcu.externaltools.gnu-tools-for-stm32.10.3-2021.10.win32_1.0.200.202301161003/tools/bin/../lib/gcc/arm-none-eabi/10.3.1/../../../../arm-none-eabi/lib/thumb/v7e-m+fp/hard\libc_nano.a(lib_a-nano-mallocr.o)
[...]
Memory Configuration

Name             Origin             Length             Attributes
CCMRAM           0x0000000010000000 0x0000000000010000 xrw
RAM              0x0000000020000000 0x0000000000030000 xrw
FLASH            0x0000000008000000 0x0000000000200000 xr
*default*        0x0000000000000000 0xffffffffffffffff

Linker script and memory map

LOAD c:/st/stm32cubeide_1.12.0/stm32cubeide/plugins/com.st.stm32cube.ide.mcu.externaltools.gnu-tools-for-stm32.10.3-2021.10.win32_1.0.200.202301161003/tools/bin/../lib/gcc/arm-none-eabi/10.3.1/thumb/v7e-m+fp/hard/crti.o
LOAD c:/st/stm32cubeide_1.12.0/stm32cubeide/plugins/com.st.stm32cube.ide.mcu.externaltools.gnu-tools-for-stm32.10.3-2021.10.win32_1.0.200.202301161003/tools/bin/../lib/gcc/arm-none-eabi/10.3.1/thumb/v7e-m+fp/hard/crtbegin.o
LOAD c:/st/stm32cubeide_1.12.0/stm32cubeide/plugins/com.st.stm32cube.ide.mcu.externaltools.gnu-tools-for-stm32.10.3-2021.10.win32_1.0.200.202301161003/tools/bin/../lib/gcc/arm-none-eabi/10.3.1/../../../../arm-none-eabi/lib/thumb/v7e-m+fp/hard/crt0.o
LOAD ./Core/Src/I2C_lcd.o
LOAD ./Core/Src/button.o
LOAD ./Core/Src/callback_management.o
LOAD ./Core/Src/dotmatrix.o
LOAD ./Core/Src/elevator_loopmonitor.o
LOAD ./Core/Src/elevator_os.o
LOAD ./Core/Src/fnd.o
LOAD ./Core/Src/freertos.o
LOAD ./Core/Src/main.o
LOAD ./Core/Src/stepmotor.o
LOAD ./Core/Src/stm32f4xx_hal_msp.o
LOAD ./Core/Src/stm32f4xx_hal_timebase_tim.o
LOAD ./Core/Src/stm32f4xx_it.o
LOAD ./Core/Src/syscalls.o
LOAD ./Core/Src/sysmem.o
LOAD ./Core/Src/system_stm32f4xx.o
LOAD ./Core/Src/timer_management.o
LOAD ./Core/Startup/startup_stm32f429zitx.o
LOAD ./Drivers/STM32F4xx_HAL_Driver/Src/stm32f4xx_hal.o
LOAD ./Drivers/STM32F4xx_HAL_Driver/Src/stm32f4xx_hal_adc.o
LOAD ./Drivers/STM32F4xx_HAL_Driver/Src/stm32f4xx_hal_adc_ex.o
LOAD ./Drivers/STM32F4xx_HAL_Driver/Src/stm32f4xx_hal_cortex.o
LOAD ./Drivers/STM32F4xx_HAL_Driver/Src/stm32f4xx_hal_dma.o
LOAD ./Drivers/STM32F4xx_HAL_Driver/Src/stm32f4xx_hal_dma_ex.o
LOAD ./Drivers/STM32F4xx_HAL_Driver/Src/stm32f4xx_hal_eth.o
LOAD ./Drivers/STM32F4xx_HAL_Driver/Src/stm32f4xx_hal_exti.o
LOAD ./Drivers/STM32F4xx_HAL_Driver/Src/stm32f4xx_hal_flash.o
LOAD ./Drivers/STM32F4xx_HAL_Driver/Src/stm32f4xx_hal_flash_ex.o
LOAD ./Drivers/STM32F4xx_HAL_Driver/Src/stm32f4xx_hal_flash_ramfunc.o
LOAD ./Drivers/STM32F4xx_HAL_Driver/Src/stm32f4xx_hal_gpio.o
LOAD ./Drivers/STM32F4xx_HAL_Driver/Src/stm32f4xx_hal_i2c.o
LOAD ./Drivers/STM32F4xx_HAL_Driver/Src/stm32f4xx_hal_i2c_ex.o
LOAD ./Drivers/STM32F4xx_HAL_Driver/Src/stm32f4xx_hal_pcd.o
LOAD ./Drivers/STM32F4xx_HAL_Driver/Src/stm32f4xx_hal_pcd_ex.o
LOAD ./Drivers/STM32F4xx_HAL_Driver/Src/stm32f4xx_hal_pwr.o
LOAD ./Drivers/STM32F4xx_HAL_Driver/Src/stm32f4xx_hal_pwr_ex.o
LOAD ./Drivers/STM32F4xx_HAL_Driver/Src/stm32f4xx_hal_rcc.o
LOAD ./Drivers/STM32F4xx_HAL_Driver/Src/stm32f4xx_hal_rcc_ex.o
LOAD ./Drivers/STM32F4xx_HAL_Driver/Src/stm32f4xx_hal_tim.o
LOAD ./Drivers/STM32F4xx_HAL_Driver/Src/stm32f4xx_hal_tim_ex.o
LOAD ./Drivers/STM32F4xx_HAL_Driver/Src/stm32f4xx_hal_uart.o
LOAD ./Drivers/STM32F4xx_HAL_Driver/Src/stm32f4xx_ll_adc.o
LOAD ./Drivers/STM32F4xx_HAL_Driver/Src/stm32f4xx_ll_usb.o
LOAD ./Middlewares/Third_Party/FreeRTOS/Source/CMSIS_RTOS_V2/cmsis_os2.o
LOAD ./Middlewares/Third_Party/FreeRTOS/Source/croutine.o
LOAD ./Middlewares/Third_Party/FreeRTOS/Source/event_groups.o
LOAD ./Middlewares/Third_Party/FreeRTOS/Source/list.o
LOAD ./Middlewares/Third_Party/FreeRTOS/Source/queue.o
LOAD ./Middlewares/Third_Party/FreeRTOS/Source/stream_buffer.o
LOAD ./Middlewares/Third_Party/FreeRTOS/Source/tasks.o
LOAD ./Middlewares/Third_Party/FreeRTOS/Source/timers.o
LOAD ./Middlewares/Third_Party/FreeRTOS/Source/portable/GCC/ARM_CM4F/port.o
LOAD ./Middlewares/Third_Party/FreeRTOS/Source/portable/MemMang/heap_4.o
START GROUP
LOAD c:/st/stm32cubeide_1.12.0/stm32cubeide/plugins/com.st.stm32cube.ide.mcu.externaltools.gnu-tools-for-stm32.10.3-2021.10.win32_1.0.200.202301161003/tools/bin/../lib/gcc/arm-none-eabi/10.3.1/../../../../arm-none-eabi/lib/thumb/v7e-m+fp/hard\libc_nano.a
LOAD c:/st/stm32cubeide_1.12.0/stm32cubeide/plugins/com.st.stm32cube.ide.mcu.externaltools.gnu-tools-for-stm32.10.3-2021.10.win32_1.0.200.202301161003/tools/bin/../lib/gcc/arm-none-eabi/10.3.1/../../../../arm-none-eabi/lib/thumb/v7e-m+fp/hard\libm.a
END GROUP
START GROUP
LOAD c:/st/stm32cubeide_1.12.0/stm32cubeide/plugins/com.st.stm32cube.ide.mcu.externaltools.gnu-tools-for-stm32.10.3-2021.10.win32_1.0.200.202301161003/tools/bin/../lib/gcc/arm-none-eabi/10.3.1/thumb/v7e-m+fp/hard\libgcc.a
LOAD c:/st/stm32cubeide_1.12.0/stm32cubeide/plugins/com.st.stm32cube.ide.mcu.externaltools.gnu-tools-for-stm32.10.3-2021.10.win32_1.0.200.202301161003/tools/bin/../lib/gcc/arm-none-eabi/10.3.1/../../../../arm-none-eabi/lib/thumb/v7e-m+fp/hard\libc_nano.a
END GROUP
START GROUP
LOAD c:/st/stm32cubeide_1.12.0/stm32cubeide/plugins/com.st.stm32cube.ide.mcu.externaltools.gnu-tools-for-stm32.10.3-2021.10.win32_1.0.200.202301161003/tools/bin/../lib/gcc/arm-none-eabi/10.3.1/thumb/v7e-m+fp/hard\libgcc.a
LOAD c:/st/stm32cubeide_1.12.0/stm32cubeide/plugins/com.st.stm32cube.ide.mcu.externaltools.gnu-tools-for-stm32.10.3-2021.10.win32_1.0.200.202301161003/tools/bin/../lib/gcc/arm-none-eabi/10.3.1/../../../../arm-none-eabi/lib/thumb/v7e-m+fp/hard\libc_nano.a
LOAD c:/st/stm32cubeide_1.12.0/stm32cubeide/plugins/com.st.stm32cube.ide.mcu.externaltools.gnu-tools-for-stm32.10.3-2021.10.win32_1.0.200.202301161003/tools/bin/../lib/gcc/arm-none-eabi/10.3.1/../../../../arm-none-eabi/lib/thumb/v7e-m+fp/hard\libnosys.a
END GROUP
START GROUP
LOAD c:/st/stm32cubeide_1.12.0/stm32cubeide/plugins/com.st.stm32cube.ide.mcu.externaltools.gnu-tools-for-stm32.10.3-2021.10.win32_1.0.200.202301161003/tools/bin/../lib/gcc/arm-none-eabi/10.3.1/thumb/v7e-m+fp/hard\libgcc.a
LOAD c:/st/stm32cubeide_1.12.0/stm32cubeide/plugins/com.st.stm32cube.ide.mcu.externaltools.gnu-tools-for-stm32.10.3-2021.10.win32_1.0.200.202301161003/tools/bin/../lib/gcc/arm-none-eabi/10.3.1/../../../../arm-none-eabi/lib/thumb/v7e-m+fp/hard\libc_nano.a
LOAD c:/st/stm32cubeide_1.12.0/stm32cubeide/plugins/com.st.stm32cube.ide.mcu.externaltools.gnu-tools-for-stm32.10.3-2021.10.win32_1.0.200.202301161003/tools/bin/../lib/gcc/arm-none-eabi/10.3.1/../../../../arm-none-eabi/lib/thumb/v7e-m+fp/hard\libnosys.a
END GROUP
LOAD c:/st/stm32cubeide_1.12.0/stm32cubeide/plugins/com.st.stm32cube.ide.mcu.externaltools.gnu-tools-for-stm32.10.3-2021.10.win32_1.0.200.202301161003/tools/bin/../lib/gcc/arm-none-eabi/10.3.1/thumb/v7e-m+fp/hard/crtend.o
LOAD c:/st/stm32cubeide_1.12.0/stm32cubeide/plugins/com.st.stm32cube.ide.mcu.externaltools.gnu-tools-for-stm32.10.3-2021.10.win32_1.0.200.202301161003/tools/bin/../lib/gcc/arm-none-eabi/10.3.1/thumb/v7e-m+fp/hard/crtn.o
                0x0000000020030000                _estack = (ORIGIN (RAM) + LENGTH (RAM))
                0x0000000000000200                _Min_Heap_Size = 0x200
                0x0000000000000400                _Min_Stack_Size = 0x400

.isr_vector     0x0000000008000000      0x1ac
                0x0000000008000000                . = ALIGN (0x4)
 *(.isr_vector)
 .isr_vector    0x0000000008000000      0x1ac ./Core/Startup/startup_stm32f429zitx.o
                0x0000000008000000                g_pfnVectors
                0x00000000080001ac                . = ALIGN (0x4)

.text           0x00000000080001b0     0xa828
                0x00000000080001b0                . = ALIGN (0x4)
 *(.text)
 .text          0x00000000080001b0       0x40 c:/st/stm32cubeide_1.12.0/stm32cubeide/plugins/com.st.stm32cube.ide.mcu.externaltools.gnu-tools-for-stm32.10.3-2021.10.win32_1.0.200.202301161003/tools/bin/../lib/gcc/arm-none-eabi/10.3.1/thumb/v7e-m+fp/hard/crtbegin.o
 .text          0x00000000080001f0       0xa0 c:/st/stm32cubeide_1.12.0/stm32cubeide/plugins/com.st.stm32cube.ide.mcu.externaltools.gnu-tools-for-stm32.10.3-2021.10.win32_1.0.200.202301161003/tools/bin/../lib/gcc/arm-none-eabi/10.3.1/../../../../arm-none-eabi/lib/thumb/v7e-m+fp/hard\libc_nano.a(lib_a-memchr.o)
                0x00000000080001f0                memchr
 .text          0x0000000008000290       0x30 c:/st/stm32cubeide_1.12.0/stm32cubeide/plugins/com.st.stm32cube.ide.mcu.externaltools.gnu-tools-for-stm32.10.3-2021.10.win32_1.0.200.202301161003/tools/bin/../lib/gcc/arm-none-eabi/10.3.1/thumb/v7e-m+fp/hard\libgcc.a(_aeabi_uldivmod.o)
                0x0000000008000290                __aeabi_uldivmod
 .text          0x00000000080002c0      0x2d0 c:/st/stm32cubeide_1.12.0/stm32cubeide/plugins/com.st.stm32cube.ide.mcu.externaltools.gnu-tools-for-stm32.10.3-2021.10.win32_1.0.200.202301161003/tools/bin/../lib/gcc/arm-none-eabi/10.3.1/thumb/v7e-m+fp/hard\libgcc.a(_udivmoddi4.o)
                0x00000000080002c0                __udivmoddi4
 .text          0x0000000008000590        0x4 c:/st/stm32cubeide_1.12.0/stm32cubeide/plugins/com.st.stm32cube.ide.mcu.externaltools.gnu-tools-for-stm32.10.3-2021.10.win32_1.0.200.202301161003/tools/bin/../lib/gcc/arm-none-eabi/10.3.1/thumb/v7e-m+fp/hard\libgcc.a(_dvmd_tls.o)
                0x0000000008000590                __aeabi_idiv0
                0x0000000008000590                __aeabi_ldiv0
 *(.text*)
 .text.LCD_Command
                0x0000000008000594       0x68 ./Core/Src/I2C_lcd.o
                0x0000000008000594                LCD_Command
 .text.LCD_Data
                0x00000000080005fc       0x68 ./Core/Src/I2C_lcd.o
                0x00000000080005fc                LCD_Data
 .text.I2C_LCD_Init
                0x0000000008000664       0x32 ./Core/Src/I2C_lcd.o
                0x0000000008000664                I2C_LCD_Init
 .text.LCD_String
                0x0000000008000696       0x2a ./Core/Src/I2C_lcd.o
                0x0000000008000696                LCD_String
 .text.Move_Cursor
                0x00000000080006c0       0x30 ./Core/Src/I2C_lcd.o
                0x00000000080006c0                Move_Cursor
 .text.Get_Button
                0x00000000080006f0       0x70 ./Core/Src/button.o
                0x00000000080006f0                Get_Button
 .text.HAL_GPIO_EXTI_Callback
                0x0000000008000760       0xee ./Core/Src/callback_management.o
                0x0000000008000760                HAL_GPIO_EXTI_Callback
 *fill*         0x000000000800084e        0x2 
 .text.HAL_ADC_ConvCpltCallback
                0x0000000008000850       0x3c ./Core/Src/callback_management.o
                0x0000000008000850                HAL_ADC_ConvCpltCallback
 .text.Dot_Matrix_Init
                0x000000000800088c       0x3c ./Core/Src/dotmatrix.o
                0x000000000800088c                Dot_Matrix_Init
 .text.clear_dotmatrix_buffer
                0x00000000080008c8       0x58 ./Core/Src/dotmatrix.o
                0x00000000080008c8                clear_dotmatrix_buffer
 .text.set_dotmatrix_buffer
                0x0000000008000920      0x110 ./Core/Src/dotmatrix.o
                0x0000000008000920                set_dotmatrix_buffer
 .text.control_dotmatrix
                0x0000000008000a30      0x20c ./Core/Src/dotmatrix.o
                0x0000000008000a30                control_dotmatrix
 .text.write_column_data
                0x0000000008000c3c       0x68 ./Core/Src/dotmatrix.o
                0x0000000008000c3c                write_column_data
 .text.write_row_data
                0x0000000008000ca4       0x74 ./Core/Src/dotmatrix.o
                0x0000000008000ca4                write_row_data
 .text.elevator_init
                0x0000000008000d18       0x50 ./Core/Src/elevator_os.o
                0x0000000008000d18                elevator_init
 .text.set_curr_status
                0x0000000008000d68       0x20 ./Core/Src/elevator_os.o
                0x0000000008000d68                set_curr_status
 .text.set_curr_floor
                0x0000000008000d88       0x20 ./Core/Src/elevator_os.o
                0x0000000008000d88                set_curr_floor
 .text.set_target_floor
                0x0000000008000da8       0x20 ./Core/Src/elevator_os.o
                0x0000000008000da8                set_target_floor
 .text.get_curr_status
                0x0000000008000dc8       0x18 ./Core/Src/elevator_os.o
                0x0000000008000dc8                get_curr_status
 .text.get_curr_floor
                0x0000000008000de0       0x18 ./Core/Src/elevator_os.o
                0x0000000008000de0                get_curr_floor
 .text.get_target_floor
                0x0000000008000df8       0x18 ./Core/Src/elevator_os.o
                0x0000000008000df8                get_target_floor
 .text.display_floor_info
                0x0000000008000e10       0x68 ./Core/Src/elevator_os.o
                0x0000000008000e10                display_floor_info
 .text.display_alert_info
                0x0000000008000e78       0x68 ./Core/Src/elevator_os.o
                0x0000000008000e78                display_alert_info
 .text.clear_fnd
                0x0000000008000ee0       0x20 ./Core/Src/fnd.o
                0x0000000008000ee0                clear_fnd
 .text.display_fnd
                0x0000000008000f00       0x34 ./Core/Src/fnd.o
                0x0000000008000f00                display_fnd
 .text.main     0x0000000008000f34       0xe8 ./Core/Src/main.o
                0x0000000008000f34                main
 .text.SystemClock_Config
                0x000000000800101c       0xd4 ./Core/Src/main.o
                0x000000000800101c                SystemClock_Config
 .text.MX_ADC1_Init
                0x00000000080010f0       0xa4 ./Core/Src/main.o
 .text.MX_ETH_Init
                0x0000000008001194       0x9c ./Core/Src/main.o
 .text.MX_I2C1_Init
                0x0000000008001230       0x80 ./Core/Src/main.o
 .text.MX_TIM11_Init
                0x00000000080012b0       0x48 ./Core/Src/main.o
 .text.MX_USART3_UART_Init
                0x00000000080012f8       0x54 ./Core/Src/main.o
 .text.MX_USB_OTG_FS_PCD_Init
                0x000000000800134c       0x5c ./Core/Src/main.o
 .text.MX_GPIO_Init
                0x00000000080013a8      0x260 ./Core/Src/main.o
 .text.StartDefaultTask
                0x0000000008001608       0x14 ./Core/Src/main.o
                0x0000000008001608                StartDefaultTask
 .text.ctrl_stepmotor
                0x000000000800161c       0x1c ./Core/Src/main.o
                0x000000000800161c                ctrl_stepmotor
 .text.ctrl_dotmatrix
                0x0000000008001638       0x1c ./Core/Src/main.o
                0x0000000008001638                ctrl_dotmatrix
 .text.polling_btn
                0x0000000008001654      0x170 ./Core/Src/main.o
                0x0000000008001654                polling_btn
 .text.polling_btn_floor
                0x00000000080017c4       0xc0 ./Core/Src/main.o
                0x00000000080017c4                polling_btn_floor
 .text.HAL_TIM_PeriodElapsedCallback
                0x0000000008001884       0x24 ./Core/Src/main.o
                0x0000000008001884                HAL_TIM_PeriodElapsedCallback
 .text.Error_Handler
                0x00000000080018a8        0xa ./Core/Src/main.o
                0x00000000080018a8                Error_Handler
 *fill*         0x00000000080018b2        0x2 
 .text.control_stepmotor
                0x00000000080018b4       0xb4 ./Core/Src/stepmotor.o
                0x00000000080018b4                control_stepmotor
 .text.drive_stepmotor
                0x0000000008001968      0x208 ./Core/Src/stepmotor.o
                0x0000000008001968                drive_stepmotor
 .text.set_RPM  0x0000000008001b70       0x20 ./Core/Src/stepmotor.o
                0x0000000008001b70                set_RPM
 .text.HAL_MspInit
                0x0000000008001b90       0x58 ./Core/Src/stm32f4xx_hal_msp.o
                0x0000000008001b90                HAL_MspInit
 .text.HAL_ADC_MspInit
                0x0000000008001be8       0x98 ./Core/Src/stm32f4xx_hal_msp.o
                0x0000000008001be8                HAL_ADC_MspInit
 .text.HAL_ETH_MspInit
                0x0000000008001c80      0x18c ./Core/Src/stm32f4xx_hal_msp.o
                0x0000000008001c80                HAL_ETH_MspInit
 .text.HAL_I2C_MspInit
                0x0000000008001e0c       0x90 ./Core/Src/stm32f4xx_hal_msp.o
                0x0000000008001e0c                HAL_I2C_MspInit
 .text.HAL_TIM_Base_MspInit
                0x0000000008001e9c       0x50 ./Core/Src/stm32f4xx_hal_msp.o
                0x0000000008001e9c                HAL_TIM_Base_MspInit
 .text.HAL_UART_MspInit
                0x0000000008001eec       0xa0 ./Core/Src/stm32f4xx_hal_msp.o
                0x0000000008001eec                HAL_UART_MspInit
 .text.HAL_PCD_MspInit
                0x0000000008001f8c       0xb4 ./Core/Src/stm32f4xx_hal_msp.o
                0x0000000008001f8c                HAL_PCD_MspInit
 .text.HAL_InitTick
                0x0000000008002040       0xe8 ./Core/Src/stm32f4xx_hal_timebase_tim.o
                0x0000000008002040                HAL_InitTick
 .text.NMI_Handler
                0x0000000008002128        0x6 ./Core/Src/stm32f4xx_it.o
                0x0000000008002128                NMI_Handler
 .text.HardFault_Handler
                0x000000000800212e        0x6 ./Core/Src/stm32f4xx_it.o
                0x000000000800212e                HardFault_Handler
 .text.MemManage_Handler
                0x0000000008002134        0x6 ./Core/Src/stm32f4xx_it.o
                0x0000000008002134                MemManage_Handler
 .text.BusFault_Handler
                0x000000000800213a        0x6 ./Core/Src/stm32f4xx_it.o
                0x000000000800213a                BusFault_Handler
 .text.UsageFault_Handler
                0x0000000008002140        0x6 ./Core/Src/stm32f4xx_it.o
                0x0000000008002140                UsageFault_Handler
 .text.DebugMon_Handler
                0x0000000008002146        0xe ./Core/Src/stm32f4xx_it.o
                0x0000000008002146                DebugMon_Handler
 .text.ADC_IRQHandler
                0x0000000008002154       0x14 ./Core/Src/stm32f4xx_it.o
                0x0000000008002154                ADC_IRQHandler
 .text.TIM1_UP_TIM10_IRQHandler
                0x0000000008002168       0x14 ./Core/Src/stm32f4xx_it.o
                0x0000000008002168                TIM1_UP_TIM10_IRQHandler
 .text.TIM1_TRG_COM_TIM11_IRQHandler
                0x000000000800217c       0x14 ./Core/Src/stm32f4xx_it.o
                0x000000000800217c                TIM1_TRG_COM_TIM11_IRQHandler
 .text.USART3_IRQHandler
                0x0000000008002190       0x14 ./Core/Src/stm32f4xx_it.o
                0x0000000008002190                USART3_IRQHandler
 .text.EXTI15_10_IRQHandler
                0x00000000080021a4       0x28 ./Core/Src/stm32f4xx_it.o
                0x00000000080021a4                EXTI15_10_IRQHandler
 .text._sbrk    0x00000000080021cc       0x6c ./Core/Src/sysmem.o
                0x00000000080021cc                _sbrk
 .text.SystemInit
                0x0000000008002238       0x24 ./Core/Src/system_stm32f4xx.o
                0x0000000008002238                SystemInit
 .text.delay_us
                0x000000000800225c       0x30 ./Core/Src/timer_management.o
                0x000000000800225c                delay_us
 .text.Reset_Handler
                0x000000000800228c       0x50 ./Core/Startup/startup_stm32f429zitx.o
                0x000000000800228c                Reset_Handler
 .text.Default_Handler
                0x00000000080022dc        0x2 ./Core/Startup/startup_stm32f429zitx.o
                0x00000000080022dc                RTC_Alarm_IRQHandler
                0x00000000080022dc                HASH_RNG_IRQHandler
                0x00000000080022dc                EXTI2_IRQHandler
                0x00000000080022dc                TIM8_CC_IRQHandler
                0x00000000080022dc                UART8_IRQHandler
                0x00000000080022dc                SPI4_IRQHandler
                0x00000000080022dc                TIM1_CC_IRQHandler
                0x00000000080022dc                DMA2_Stream5_IRQHandler
                0x00000000080022dc                DMA1_Stream5_IRQHandler
                0x00000000080022dc                PVD_IRQHandler
                0x00000000080022dc                SDIO_IRQHandler
                0x00000000080022dc                TAMP_STAMP_IRQHandler
                0x00000000080022dc                CAN2_RX1_IRQHandler
                0x00000000080022dc                EXTI3_IRQHandler
                0x00000000080022dc                TIM8_TRG_COM_TIM14_IRQHandler
                0x00000000080022dc                TIM8_UP_TIM13_IRQHandler
                0x00000000080022dc                I2C3_ER_IRQHandler
                0x00000000080022dc                EXTI0_IRQHandler
                0x00000000080022dc                I2C2_EV_IRQHandler
                0x00000000080022dc                DMA1_Stream2_IRQHandler
                0x00000000080022dc                CAN1_RX0_IRQHandler
                0x00000000080022dc                FPU_IRQHandler
                0x00000000080022dc                OTG_HS_WKUP_IRQHandler
                0x00000000080022dc                LTDC_ER_IRQHandler
                0x00000000080022dc                CAN2_SCE_IRQHandler
                0x00000000080022dc                DMA2_Stream2_IRQHandler
                0x00000000080022dc                SPI1_IRQHandler
                0x00000000080022dc                TIM6_DAC_IRQHandler
                0x00000000080022dc                TIM1_BRK_TIM9_IRQHandler
                0x00000000080022dc                DCMI_IRQHandler
                0x00000000080022dc                CAN2_RX0_IRQHandler
                0x00000000080022dc                DMA2_Stream3_IRQHandler
                0x00000000080022dc                USART6_IRQHandler
                0x00000000080022dc                CAN1_RX1_IRQHandler
                0x00000000080022dc                UART5_IRQHandler
                0x00000000080022dc                DMA2_Stream0_IRQHandler
                0x00000000080022dc                TIM4_IRQHandler
                0x00000000080022dc                I2C1_EV_IRQHandler
                0x00000000080022dc                DMA1_Stream6_IRQHandler
                0x00000000080022dc                DMA1_Stream1_IRQHandler
                0x00000000080022dc                UART4_IRQHandler
                0x00000000080022dc                TIM3_IRQHandler
                0x00000000080022dc                RCC_IRQHandler
                0x00000000080022dc                TIM8_BRK_TIM12_IRQHandler
                0x00000000080022dc                Default_Handler
                0x00000000080022dc                DMA1_Stream7_IRQHandler
                0x00000000080022dc                SPI5_IRQHandler
                0x00000000080022dc                TIM7_IRQHandler
                0x00000000080022dc                CAN2_TX_IRQHandler
                0x00000000080022dc                TIM5_IRQHandler
                0x00000000080022dc                DMA2_Stream7_IRQHandler
                0x00000000080022dc                I2C3_EV_IRQHandler
                0x00000000080022dc                EXTI9_5_IRQHandler
                0x00000000080022dc                RTC_WKUP_IRQHandler
                0x00000000080022dc                LTDC_IRQHandler
                0x00000000080022dc                ETH_WKUP_IRQHandler
                0x00000000080022dc                SPI2_IRQHandler
                0x00000000080022dc                OTG_HS_EP1_IN_IRQHandler
                0x00000000080022dc                DMA1_Stream0_IRQHandler
                0x00000000080022dc                CAN1_TX_IRQHandler
                0x00000000080022dc                EXTI4_IRQHandler
                0x00000000080022dc                ETH_IRQHandler
                0x00000000080022dc                OTG_HS_EP1_OUT_IRQHandler
                0x00000000080022dc                WWDG_IRQHandler
                0x00000000080022dc                SPI6_IRQHandler
                0x00000000080022dc                TIM2_IRQHandler
                0x00000000080022dc                OTG_FS_WKUP_IRQHandler
                0x00000000080022dc                OTG_HS_IRQHandler
                0x00000000080022dc                DMA2D_IRQHandler
                0x00000000080022dc                EXTI1_IRQHandler
                0x00000000080022dc                UART7_IRQHandler
                0x00000000080022dc                USART2_IRQHandler
                0x00000000080022dc                I2C2_ER_IRQHandler
                0x00000000080022dc                DMA2_Stream1_IRQHandler
                0x00000000080022dc                CAN1_SCE_IRQHandler
                0x00000000080022dc                FLASH_IRQHandler
                0x00000000080022dc                DMA2_Stream4_IRQHandler
                0x00000000080022dc                USART1_IRQHandler
                0x00000000080022dc                OTG_FS_IRQHandler
                0x00000000080022dc                SPI3_IRQHandler
                0x00000000080022dc                DMA1_Stream4_IRQHandler
                0x00000000080022dc                I2C1_ER_IRQHandler
                0x00000000080022dc                FMC_IRQHandler
                0x00000000080022dc                DMA2_Stream6_IRQHandler
                0x00000000080022dc                SAI1_IRQHandler
                0x00000000080022dc                DMA1_Stream3_IRQHandler
 *fill*         0x00000000080022de        0x2 
 .text.HAL_Init
                0x00000000080022e0       0x44 ./Drivers/STM32F4xx_HAL_Driver/Src/stm32f4xx_hal.o
                0x00000000080022e0                HAL_Init
 .text.HAL_IncTick
                0x0000000008002324       0x28 ./Drivers/STM32F4xx_HAL_Driver/Src/stm32f4xx_hal.o
                0x0000000008002324                HAL_IncTick
 .text.HAL_GetTick
                0x000000000800234c       0x18 ./Drivers/STM32F4xx_HAL_Driver/Src/stm32f4xx_hal.o
                0x000000000800234c                HAL_GetTick
 .text.HAL_Delay
                0x0000000008002364       0x48 ./Drivers/STM32F4xx_HAL_Driver/Src/stm32f4xx_hal.o
                0x0000000008002364                HAL_Delay
 .text.HAL_ADC_Init
                0x00000000080023ac       0x86 ./Drivers/STM32F4xx_HAL_Driver/Src/stm32f4xx_hal_adc.o
                0x00000000080023ac                HAL_ADC_Init
 *fill*         0x0000000008002432        0x2 
 .text.HAL_ADC_Start_IT
                0x0000000008002434      0x1bc ./Drivers/STM32F4xx_HAL_Driver/Src/stm32f4xx_hal_adc.o
                0x0000000008002434                HAL_ADC_Start_IT
 .text.HAL_ADC_Stop_IT
                0x00000000080025f0       0x7a ./Drivers/STM32F4xx_HAL_Driver/Src/stm32f4xx_hal_adc.o
                0x00000000080025f0                HAL_ADC_Stop_IT
 .text.HAL_ADC_IRQHandler
                0x000000000800266a      0x220 ./Drivers/STM32F4xx_HAL_Driver/Src/stm32f4xx_hal_adc.o
                0x000000000800266a                HAL_ADC_IRQHandler
 .text.HAL_ADC_GetValue
                0x000000000800288a       0x1a ./Drivers/STM32F4xx_HAL_Driver/Src/stm32f4xx_hal_adc.o
                0x000000000800288a                HAL_ADC_GetValue
 .text.HAL_ADC_LevelOutOfWindowCallback
                0x00000000080028a4       0x14 ./Drivers/STM32F4xx_HAL_Driver/Src/stm32f4xx_hal_adc.o
                0x00000000080028a4                HAL_ADC_LevelOutOfWindowCallback
 .text.HAL_ADC_ErrorCallback
                0x00000000080028b8       0x14 ./Drivers/STM32F4xx_HAL_Driver/Src/stm32f4xx_hal_adc.o
                0x00000000080028b8                HAL_ADC_ErrorCallback
 .text.HAL_ADC_ConfigChannel
                0x00000000080028cc      0x264 ./Drivers/STM32F4xx_HAL_Driver/Src/stm32f4xx_hal_adc.o
                0x00000000080028cc                HAL_ADC_ConfigChannel
 .text.ADC_Init
                0x0000000008002b30      0x1f8 ./Drivers/STM32F4xx_HAL_Driver/Src/stm32f4xx_hal_adc.o
 .text.HAL_ADCEx_InjectedConvCpltCallback
                0x0000000008002d28       0x14 ./Drivers/STM32F4xx_HAL_Driver/Src/stm32f4xx_hal_adc_ex.o
                0x0000000008002d28                HAL_ADCEx_InjectedConvCpltCallback
 .text.__NVIC_SetPriorityGrouping
                0x0000000008002d3c       0x48 ./Drivers/STM32F4xx_HAL_Driver/Src/stm32f4xx_hal_cortex.o
 .text.__NVIC_GetPriorityGrouping
                0x0000000008002d84       0x1c ./Drivers/STM32F4xx_HAL_Driver/Src/stm32f4xx_hal_cortex.o
 .text.__NVIC_EnableIRQ
                0x0000000008002da0       0x3c ./Drivers/STM32F4xx_HAL_Driver/Src/stm32f4xx_hal_cortex.o
 .text.__NVIC_SetPriority
                0x0000000008002ddc       0x54 ./Drivers/STM32F4xx_HAL_Driver/Src/stm32f4xx_hal_cortex.o
 .text.NVIC_EncodePriority
                0x0000000008002e30       0x66 ./Drivers/STM32F4xx_HAL_Driver/Src/stm32f4xx_hal_cortex.o
 .text.HAL_NVIC_SetPriorityGrouping
                0x0000000008002e96       0x16 ./Drivers/STM32F4xx_HAL_Driver/Src/stm32f4xx_hal_cortex.o
                0x0000000008002e96                HAL_NVIC_SetPriorityGrouping
 .text.HAL_NVIC_SetPriority
                0x0000000008002eac       0x38 ./Drivers/STM32F4xx_HAL_Driver/Src/stm32f4xx_hal_cortex.o
                0x0000000008002eac                HAL_NVIC_SetPriority
 .text.HAL_NVIC_EnableIRQ
                0x0000000008002ee4       0x1c ./Drivers/STM32F4xx_HAL_Driver/Src/stm32f4xx_hal_cortex.o
                0x0000000008002ee4                HAL_NVIC_EnableIRQ
 .text.HAL_DMA_Abort
                0x0000000008002f00       0xe0 ./Drivers/STM32F4xx_HAL_Driver/Src/stm32f4xx_hal_dma.o
                0x0000000008002f00                HAL_DMA_Abort
 .text.HAL_DMA_Abort_IT
                0x0000000008002fe0       0x44 ./Drivers/STM32F4xx_HAL_Driver/Src/stm32f4xx_hal_dma.o
                0x0000000008002fe0                HAL_DMA_Abort_IT
 .text.HAL_ETH_Init
                0x0000000008003024       0xfc ./Drivers/STM32F4xx_HAL_Driver/Src/stm32f4xx_hal_eth.o
                0x0000000008003024                HAL_ETH_Init
 .text.ETH_SetMACConfig
                0x0000000008003120      0x160 ./Drivers/STM32F4xx_HAL_Driver/Src/stm32f4xx_hal_eth.o
 .text.ETH_SetDMAConfig
                0x0000000008003280      0x114 ./Drivers/STM32F4xx_HAL_Driver/Src/stm32f4xx_hal_eth.o
 .text.ETH_MACDMAConfig
                0x0000000008003394       0xe4 ./Drivers/STM32F4xx_HAL_Driver/Src/stm32f4xx_hal_eth.o
 .text.ETH_MACAddressConfig
                0x0000000008003478       0x70 ./Drivers/STM32F4xx_HAL_Driver/Src/stm32f4xx_hal_eth.o
 .text.ETH_DMATxDescListInit
                0x00000000080034e8       0xb2 ./Drivers/STM32F4xx_HAL_Driver/Src/stm32f4xx_hal_eth.o
 .text.ETH_DMARxDescListInit
                0x000000000800359a       0xda ./Drivers/STM32F4xx_HAL_Driver/Src/stm32f4xx_hal_eth.o
 .text.HAL_GPIO_Init
                0x0000000008003674      0x358 ./Drivers/STM32F4xx_HAL_Driver/Src/stm32f4xx_hal_gpio.o
                0x0000000008003674                HAL_GPIO_Init
 .text.HAL_GPIO_ReadPin
                0x00000000080039cc       0x30 ./Drivers/STM32F4xx_HAL_Driver/Src/stm32f4xx_hal_gpio.o
                0x00000000080039cc                HAL_GPIO_ReadPin
 .text.HAL_GPIO_WritePin
                0x00000000080039fc       0x32 ./Drivers/STM32F4xx_HAL_Driver/Src/stm32f4xx_hal_gpio.o
                0x00000000080039fc                HAL_GPIO_WritePin
 .text.HAL_GPIO_TogglePin
                0x0000000008003a2e       0x34 ./Drivers/STM32F4xx_HAL_Driver/Src/stm32f4xx_hal_gpio.o
                0x0000000008003a2e                HAL_GPIO_TogglePin
 *fill*         0x0000000008003a62        0x2 
 .text.HAL_GPIO_EXTI_IRQHandler
                0x0000000008003a64       0x30 ./Drivers/STM32F4xx_HAL_Driver/Src/stm32f4xx_hal_gpio.o
                0x0000000008003a64                HAL_GPIO_EXTI_IRQHandler
 .text.HAL_I2C_Init
                0x0000000008003a94      0x288 ./Drivers/STM32F4xx_HAL_Driver/Src/stm32f4xx_hal_i2c.o
                0x0000000008003a94                HAL_I2C_Init
 .text.HAL_I2C_Master_Transmit
                0x0000000008003d1c      0x1fc ./Drivers/STM32F4xx_HAL_Driver/Src/stm32f4xx_hal_i2c.o
                0x0000000008003d1c                HAL_I2C_Master_Transmit
 .text.I2C_MasterRequestWrite
                0x0000000008003f18      0x104 ./Drivers/STM32F4xx_HAL_Driver/Src/stm32f4xx_hal_i2c.o
 .text.I2C_WaitOnFlagUntilTimeout
                0x000000000800401c       0xae ./Drivers/STM32F4xx_HAL_Driver/Src/stm32f4xx_hal_i2c.o
 .text.I2C_WaitOnMasterAddressFlagUntilTimeout
                0x00000000080040ca       0xfe ./Drivers/STM32F4xx_HAL_Driver/Src/stm32f4xx_hal_i2c.o
 .text.I2C_WaitOnTXEFlagUntilTimeout
                0x00000000080041c8       0x82 ./Drivers/STM32F4xx_HAL_Driver/Src/stm32f4xx_hal_i2c.o
 .text.I2C_WaitOnBTFFlagUntilTimeout
                0x000000000800424a       0x82 ./Drivers/STM32F4xx_HAL_Driver/Src/stm32f4xx_hal_i2c.o
 .text.I2C_IsAcknowledgeFailed
                0x00000000080042cc       0x5e ./Drivers/STM32F4xx_HAL_Driver/Src/stm32f4xx_hal_i2c.o
 .text.HAL_I2CEx_ConfigAnalogFilter
                0x000000000800432a       0x78 ./Drivers/STM32F4xx_HAL_Driver/Src/stm32f4xx_hal_i2c_ex.o
                0x000000000800432a                HAL_I2CEx_ConfigAnalogFilter
 .text.HAL_I2CEx_ConfigDigitalFilter
                0x00000000080043a2       0x7e ./Drivers/STM32F4xx_HAL_Driver/Src/stm32f4xx_hal_i2c_ex.o
                0x00000000080043a2                HAL_I2CEx_ConfigDigitalFilter
 .text.HAL_PCD_Init
                0x0000000008004420      0x23a ./Drivers/STM32F4xx_HAL_Driver/Src/stm32f4xx_hal_pcd.o
                0x0000000008004420                HAL_PCD_Init
 *fill*         0x000000000800465a        0x2 
 .text.HAL_RCC_OscConfig
                0x000000000800465c      0x4f0 ./Drivers/STM32F4xx_HAL_Driver/Src/stm32f4xx_hal_rcc.o
                0x000000000800465c                HAL_RCC_OscConfig
 .text.HAL_RCC_ClockConfig
                0x0000000008004b4c      0x1cc ./Drivers/STM32F4xx_HAL_Driver/Src/stm32f4xx_hal_rcc.o
                0x0000000008004b4c                HAL_RCC_ClockConfig
 .text.HAL_RCC_GetSysClockFreq
                0x0000000008004d18      0x20c ./Drivers/STM32F4xx_HAL_Driver/Src/stm32f4xx_hal_rcc.o
                0x0000000008004d18                HAL_RCC_GetSysClockFreq
 .text.HAL_RCC_GetHCLKFreq
                0x0000000008004f24       0x18 ./Drivers/STM32F4xx_HAL_Driver/Src/stm32f4xx_hal_rcc.o
                0x0000000008004f24                HAL_RCC_GetHCLKFreq
 .text.HAL_RCC_GetPCLK1Freq
                0x0000000008004f3c       0x28 ./Drivers/STM32F4xx_HAL_Driver/Src/stm32f4xx_hal_rcc.o
                0x0000000008004f3c                HAL_RCC_GetPCLK1Freq
 .text.HAL_RCC_GetPCLK2Freq
                0x0000000008004f64       0x28 ./Drivers/STM32F4xx_HAL_Driver/Src/stm32f4xx_hal_rcc.o
                0x0000000008004f64                HAL_RCC_GetPCLK2Freq
 .text.HAL_RCC_GetClockConfig
                0x0000000008004f8c       0x64 ./Drivers/STM32F4xx_HAL_Driver/Src/stm32f4xx_hal_rcc.o
                0x0000000008004f8c                HAL_RCC_GetClockConfig
 .text.HAL_TIM_Base_Init
                0x0000000008004ff0       0x9e ./Drivers/STM32F4xx_HAL_Driver/Src/stm32f4xx_hal_tim.o
                0x0000000008004ff0                HAL_TIM_Base_Init
 *fill*         0x000000000800508e        0x2 
 .text.HAL_TIM_Base_Start_IT
                0x0000000008005090       0xe0 ./Drivers/STM32F4xx_HAL_Driver/Src/stm32f4xx_hal_tim.o
                0x0000000008005090                HAL_TIM_Base_Start_IT
 .text.HAL_TIM_IRQHandler
                0x0000000008005170      0x210 ./Drivers/STM32F4xx_HAL_Driver/Src/stm32f4xx_hal_tim.o
                0x0000000008005170                HAL_TIM_IRQHandler
 .text.HAL_TIM_OC_DelayElapsedCallback
                0x0000000008005380       0x14 ./Drivers/STM32F4xx_HAL_Driver/Src/stm32f4xx_hal_tim.o
                0x0000000008005380                HAL_TIM_OC_DelayElapsedCallback
 .text.HAL_TIM_IC_CaptureCallback
                0x0000000008005394       0x14 ./Drivers/STM32F4xx_HAL_Driver/Src/stm32f4xx_hal_tim.o
                0x0000000008005394                HAL_TIM_IC_CaptureCallback
 .text.HAL_TIM_PWM_PulseFinishedCallback
                0x00000000080053a8       0x14 ./Drivers/STM32F4xx_HAL_Driver/Src/stm32f4xx_hal_tim.o
                0x00000000080053a8                HAL_TIM_PWM_PulseFinishedCallback
 .text.HAL_TIM_TriggerCallback
                0x00000000080053bc       0x14 ./Drivers/STM32F4xx_HAL_Driver/Src/stm32f4xx_hal_tim.o
                0x00000000080053bc                HAL_TIM_TriggerCallback
 .text.TIM_Base_SetConfig
                0x00000000080053d0      0x140 ./Drivers/STM32F4xx_HAL_Driver/Src/stm32f4xx_hal_tim.o
                0x00000000080053d0                TIM_Base_SetConfig
 .text.HAL_TIMEx_CommutCallback
                0x0000000008005510       0x14 ./Drivers/STM32F4xx_HAL_Driver/Src/stm32f4xx_hal_tim_ex.o
                0x0000000008005510                HAL_TIMEx_CommutCallback
 .text.HAL_TIMEx_BreakCallback
                0x0000000008005524       0x14 ./Drivers/STM32F4xx_HAL_Driver/Src/stm32f4xx_hal_tim_ex.o
                0x0000000008005524                HAL_TIMEx_BreakCallback
 .text.HAL_UART_Init
                0x0000000008005538       0x9a ./Drivers/STM32F4xx_HAL_Driver/Src/stm32f4xx_hal_uart.o
                0x0000000008005538                HAL_UART_Init
 *fill*         0x00000000080055d2        0x2 
 .text.HAL_UART_IRQHandler
                0x00000000080055d4      0x51c ./Drivers/STM32F4xx_HAL_Driver/Src/stm32f4xx_hal_uart.o
                0x00000000080055d4                HAL_UART_IRQHandler
 .text.HAL_UART_TxCpltCallback
                0x0000000008005af0       0x14 ./Drivers/STM32F4xx_HAL_Driver/Src/stm32f4xx_hal_uart.o
                0x0000000008005af0                HAL_UART_TxCpltCallback
 .text.HAL_UART_RxCpltCallback
                0x0000000008005b04       0x14 ./Drivers/STM32F4xx_HAL_Driver/Src/stm32f4xx_hal_uart.o
                0x0000000008005b04                HAL_UART_RxCpltCallback
 .text.HAL_UART_ErrorCallback
                0x0000000008005b18       0x14 ./Drivers/STM32F4xx_HAL_Driver/Src/stm32f4xx_hal_uart.o
                0x0000000008005b18                HAL_UART_ErrorCallback
 .text.HAL_UARTEx_RxEventCallback
                0x0000000008005b2c       0x18 ./Drivers/STM32F4xx_HAL_Driver/Src/stm32f4xx_hal_uart.o
                0x0000000008005b2c                HAL_UARTEx_RxEventCallback
 .text.UART_EndRxTransfer
                0x0000000008005b44       0xc6 ./Drivers/STM32F4xx_HAL_Driver/Src/stm32f4xx_hal_uart.o
 .text.UART_DMAAbortOnError
                0x0000000008005c0a       0x28 ./Drivers/STM32F4xx_HAL_Driver/Src/stm32f4xx_hal_uart.o
 .text.UART_Transmit_IT
                0x0000000008005c32       0xa0 ./Drivers/STM32F4xx_HAL_Driver/Src/stm32f4xx_hal_uart.o
 .text.UART_EndTransmit_IT
                0x0000000008005cd2       0x30 ./Drivers/STM32F4xx_HAL_Driver/Src/stm32f4xx_hal_uart.o
 .text.UART_Receive_IT
                0x0000000008005d02      0x176 ./Drivers/STM32F4xx_HAL_Driver/Src/stm32f4xx_hal_uart.o
 .text.UART_SetConfig
                0x0000000008005e78      0x4e8 ./Drivers/STM32F4xx_HAL_Driver/Src/stm32f4xx_hal_uart.o
 .text.USB_CoreInit
                0x0000000008006360       0xc2 ./Drivers/STM32F4xx_HAL_Driver/Src/stm32f4xx_ll_usb.o
                0x0000000008006360                USB_CoreInit
 .text.USB_DisableGlobalInt
                0x0000000008006422       0x22 ./Drivers/STM32F4xx_HAL_Driver/Src/stm32f4xx_ll_usb.o
                0x0000000008006422                USB_DisableGlobalInt
 .text.USB_SetCurrentMode
                0x0000000008006444       0x98 ./Drivers/STM32F4xx_HAL_Driver/Src/stm32f4xx_ll_usb.o
                0x0000000008006444                USB_SetCurrentMode
 .text.USB_DevInit
                0x00000000080064dc      0x2c8 ./Drivers/STM32F4xx_HAL_Driver/Src/stm32f4xx_ll_usb.o
                0x00000000080064dc                USB_DevInit
 .text.USB_FlushTxFifo
                0x00000000080067a4       0x68 ./Drivers/STM32F4xx_HAL_Driver/Src/stm32f4xx_ll_usb.o
                0x00000000080067a4                USB_FlushTxFifo
 .text.USB_FlushRxFifo
                0x000000000800680c       0x60 ./Drivers/STM32F4xx_HAL_Driver/Src/stm32f4xx_ll_usb.o
                0x000000000800680c                USB_FlushRxFifo
 .text.USB_SetDevSpeed
                0x000000000800686c       0x32 ./Drivers/STM32F4xx_HAL_Driver/Src/stm32f4xx_ll_usb.o
                0x000000000800686c                USB_SetDevSpeed
 .text.USB_DevDisconnect
                0x000000000800689e       0x42 ./Drivers/STM32F4xx_HAL_Driver/Src/stm32f4xx_ll_usb.o
                0x000000000800689e                USB_DevDisconnect
 .text.USB_GetMode
                0x00000000080068e0       0x1c ./Drivers/STM32F4xx_HAL_Driver/Src/stm32f4xx_ll_usb.o
                0x00000000080068e0                USB_GetMode
 .text.USB_CoreReset
                0x00000000080068fc       0x68 ./Drivers/STM32F4xx_HAL_Driver/Src/stm32f4xx_ll_usb.o
 .text.__NVIC_SetPriority
                0x0000000008006964       0x54 ./Middlewares/Third_Party/FreeRTOS/Source/CMSIS_RTOS_V2/cmsis_os2.o
 .text.SysTick_Handler
                0x00000000080069b8       0x20 ./Middlewares/Third_Party/FreeRTOS/Source/CMSIS_RTOS_V2/cmsis_os2.o
                0x00000000080069b8                SysTick_Handler
 .text.SVC_Setup
                0x00000000080069d8       0x12 ./Middlewares/Third_Party/FreeRTOS/Source/CMSIS_RTOS_V2/cmsis_os2.o
 *fill*         0x00000000080069ea        0x2 
 .text.osKernelInitialize
                0x00000000080069ec       0x48 ./Middlewares/Third_Party/FreeRTOS/Source/CMSIS_RTOS_V2/cmsis_os2.o
                0x00000000080069ec                osKernelInitialize
 .text.osKernelStart
                0x0000000008006a34       0x4c ./Middlewares/Third_Party/FreeRTOS/Source/CMSIS_RTOS_V2/cmsis_os2.o
                0x0000000008006a34                osKernelStart
 .text.osThreadNew
                0x0000000008006a80      0x124 ./Middlewares/Third_Party/FreeRTOS/Source/CMSIS_RTOS_V2/cmsis_os2.o
                0x0000000008006a80                osThreadNew
 .text.osDelay  0x0000000008006ba4       0x36 ./Middlewares/Third_Party/FreeRTOS/Source/CMSIS_RTOS_V2/cmsis_os2.o
                0x0000000008006ba4                osDelay
 .text.osEventFlagsNew
                0x0000000008006bda       0x7e ./Middlewares/Third_Party/FreeRTOS/Source/CMSIS_RTOS_V2/cmsis_os2.o
                0x0000000008006bda                osEventFlagsNew
 .text.osEventFlagsSet
                0x0000000008006c58       0x88 ./Middlewares/Third_Party/FreeRTOS/Source/CMSIS_RTOS_V2/cmsis_os2.o
                0x0000000008006c58                osEventFlagsSet
 .text.osEventFlagsClear
                0x0000000008006ce0       0x64 ./Middlewares/Third_Party/FreeRTOS/Source/CMSIS_RTOS_V2/cmsis_os2.o
                0x0000000008006ce0                osEventFlagsClear
 .text.osEventFlagsWait
                0x0000000008006d44       0xcc ./Middlewares/Third_Party/FreeRTOS/Source/CMSIS_RTOS_V2/cmsis_os2.o
                0x0000000008006d44                osEventFlagsWait
 .text.osMutexNew
                0x0000000008006e10      0x10c ./Middlewares/Third_Party/FreeRTOS/Source/CMSIS_RTOS_V2/cmsis_os2.o
                0x0000000008006e10                osMutexNew
 .text.vApplicationGetIdleTaskMemory
                0x0000000008006f1c       0x34 ./Middlewares/Third_Party/FreeRTOS/Source/CMSIS_RTOS_V2/cmsis_os2.o
                0x0000000008006f1c                vApplicationGetIdleTaskMemory
 .text.vApplicationGetTimerTaskMemory
                0x0000000008006f50       0x34 ./Middlewares/Third_Party/FreeRTOS/Source/CMSIS_RTOS_V2/cmsis_os2.o
                0x0000000008006f50                vApplicationGetTimerTaskMemory
 .text.xEventGroupCreateStatic
                0x0000000008006f84       0x6e ./Middlewares/Third_Party/FreeRTOS/Source/event_groups.o
                0x0000000008006f84                xEventGroupCreateStatic
 .text.xEventGroupCreate
                0x0000000008006ff2       0x34 ./Middlewares/Third_Party/FreeRTOS/Source/event_groups.o
                0x0000000008006ff2                xEventGroupCreate
 *fill*         0x0000000008007026        0x2 
 .text.xEventGroupWaitBits
                0x0000000008007028      0x19c ./Middlewares/Third_Party/FreeRTOS/Source/event_groups.o
                0x0000000008007028                xEventGroupWaitBits
 .text.xEventGroupClearBits
                0x00000000080071c4       0x70 ./Middlewares/Third_Party/FreeRTOS/Source/event_groups.o
                0x00000000080071c4                xEventGroupClearBits
 .text.xEventGroupClearBitsFromISR
                0x0000000008007234       0x28 ./Middlewares/Third_Party/FreeRTOS/Source/event_groups.o
                0x0000000008007234                xEventGroupClearBitsFromISR
 .text.xEventGroupGetBitsFromISR
                0x000000000800725c       0x48 ./Middlewares/Third_Party/FreeRTOS/Source/event_groups.o
                0x000000000800725c                xEventGroupGetBitsFromISR
 .text.xEventGroupSetBits
                0x00000000080072a4      0x116 ./Middlewares/Third_Party/FreeRTOS/Source/event_groups.o
                0x00000000080072a4                xEventGroupSetBits
 .text.vEventGroupSetBitsCallback
                0x00000000080073ba       0x1a ./Middlewares/Third_Party/FreeRTOS/Source/event_groups.o
                0x00000000080073ba                vEventGroupSetBitsCallback
 .text.vEventGroupClearBitsCallback
                0x00000000080073d4       0x1a ./Middlewares/Third_Party/FreeRTOS/Source/event_groups.o
                0x00000000080073d4                vEventGroupClearBitsCallback
 .text.prvTestWaitCondition
                0x00000000080073ee       0x44 ./Middlewares/Third_Party/FreeRTOS/Source/event_groups.o
 *fill*         0x0000000008007432        0x2 
 .text.xEventGroupSetBitsFromISR
                0x0000000008007434       0x28 ./Middlewares/Third_Party/FreeRTOS/Source/event_groups.o
                0x0000000008007434                xEventGroupSetBitsFromISR
 .text.vListInitialise
                0x000000000800745c       0x40 ./Middlewares/Third_Party/FreeRTOS/Source/list.o
                0x000000000800745c                vListInitialise
 .text.vListInitialiseItem
                0x000000000800749c       0x1a ./Middlewares/Third_Party/FreeRTOS/Source/list.o
                0x000000000800749c                vListInitialiseItem
 .text.vListInsertEnd
                0x00000000080074b6       0x48 ./Middlewares/Third_Party/FreeRTOS/Source/list.o
                0x00000000080074b6                vListInsertEnd
 .text.vListInsert
                0x00000000080074fe       0x72 ./Middlewares/Third_Party/FreeRTOS/Source/list.o
                0x00000000080074fe                vListInsert
 .text.uxListRemove
                0x0000000008007570       0x54 ./Middlewares/Third_Party/FreeRTOS/Source/list.o
                0x0000000008007570                uxListRemove
 .text.xQueueGenericReset
                0x00000000080075c4       0xd0 ./Middlewares/Third_Party/FreeRTOS/Source/queue.o
                0x00000000080075c4                xQueueGenericReset
 .text.xQueueGenericCreateStatic
                0x0000000008007694       0xf0 ./Middlewares/Third_Party/FreeRTOS/Source/queue.o
                0x0000000008007694                xQueueGenericCreateStatic
 .text.xQueueGenericCreate
                0x0000000008007784       0x74 ./Middlewares/Third_Party/FreeRTOS/Source/queue.o
                0x0000000008007784                xQueueGenericCreate
 .text.prvInitialiseNewQueue
                0x00000000080077f8       0x46 ./Middlewares/Third_Party/FreeRTOS/Source/queue.o
 .text.prvInitialiseMutex
                0x000000000800783e       0x34 ./Middlewares/Third_Party/FreeRTOS/Source/queue.o
 .text.xQueueCreateMutex
                0x0000000008007872       0x30 ./Middlewares/Third_Party/FreeRTOS/Source/queue.o
                0x0000000008007872                xQueueCreateMutex
 .text.xQueueCreateMutexStatic
                0x00000000080078a2       0x36 ./Middlewares/Third_Party/FreeRTOS/Source/queue.o
                0x00000000080078a2                xQueueCreateMutexStatic
 .text.xQueueGenericSend
                0x00000000080078d8      0x1fc ./Middlewares/Third_Party/FreeRTOS/Source/queue.o
                0x00000000080078d8                xQueueGenericSend
 .text.xQueueGenericSendFromISR
                0x0000000008007ad4      0x136 ./Middlewares/Third_Party/FreeRTOS/Source/queue.o
                0x0000000008007ad4                xQueueGenericSendFromISR
 *fill*         0x0000000008007c0a        0x2 
 .text.xQueueReceive
                0x0000000008007c0c      0x1c0 ./Middlewares/Third_Party/FreeRTOS/Source/queue.o
                0x0000000008007c0c                xQueueReceive
 .text.prvCopyDataToQueue
                0x0000000008007dcc       0xd4 ./Middlewares/Third_Party/FreeRTOS/Source/queue.o
 .text.prvCopyDataFromQueue
                0x0000000008007ea0       0x4c ./Middlewares/Third_Party/FreeRTOS/Source/queue.o
 .text.prvUnlockQueue
                0x0000000008007eec       0xa4 ./Middlewares/Third_Party/FreeRTOS/Source/queue.o
 .text.prvIsQueueEmpty
                0x0000000008007f90       0x2c ./Middlewares/Third_Party/FreeRTOS/Source/queue.o
 .text.prvIsQueueFull
                0x0000000008007fbc       0x30 ./Middlewares/Third_Party/FreeRTOS/Source/queue.o
 .text.vQueueAddToRegistry
                0x0000000008007fec       0x54 ./Middlewares/Third_Party/FreeRTOS/Source/queue.o
                0x0000000008007fec                vQueueAddToRegistry
 .text.vQueueWaitForMessageRestricted
                0x0000000008008040       0x68 ./Middlewares/Third_Party/FreeRTOS/Source/queue.o
                0x0000000008008040                vQueueWaitForMessageRestricted
 .text.xTaskCreateStatic
                0x00000000080080a8       0xba ./Middlewares/Third_Party/FreeRTOS/Source/tasks.o
                0x00000000080080a8                xTaskCreateStatic
 .text.xTaskCreate
                0x0000000008008162       0x8a ./Middlewares/Third_Party/FreeRTOS/Source/tasks.o
                0x0000000008008162                xTaskCreate
 .text.prvInitialiseNewTask
                0x00000000080081ec      0x14c ./Middlewares/Third_Party/FreeRTOS/Source/tasks.o
 .text.prvAddNewTaskToReadyList
                0x0000000008008338       0xe0 ./Middlewares/Third_Party/FreeRTOS/Source/tasks.o
 .text.vTaskDelay
                0x0000000008008418       0x68 ./Middlewares/Third_Party/FreeRTOS/Source/tasks.o
                0x0000000008008418                vTaskDelay
 .text.vTaskStartScheduler
                0x0000000008008480       0xe0 ./Middlewares/Third_Party/FreeRTOS/Source/tasks.o
                0x0000000008008480                vTaskStartScheduler
 .text.vTaskSuspendAll
                0x0000000008008560       0x1c ./Middlewares/Third_Party/FreeRTOS/Source/tasks.o
                0x0000000008008560                vTaskSuspendAll
 .text.xTaskResumeAll
                0x000000000800857c      0x13c ./Middlewares/Third_Party/FreeRTOS/Source/tasks.o
                0x000000000800857c                xTaskResumeAll
 .text.xTaskGetTickCount
                0x00000000080086b8       0x20 ./Middlewares/Third_Party/FreeRTOS/Source/tasks.o
                0x00000000080086b8                xTaskGetTickCount
 .text.xTaskIncrementTick
                0x00000000080086d8      0x174 ./Middlewares/Third_Party/FreeRTOS/Source/tasks.o
                0x00000000080086d8                xTaskIncrementTick
 .text.vTaskSwitchContext
                0x000000000800884c       0xc8 ./Middlewares/Third_Party/FreeRTOS/Source/tasks.o
                0x000000000800884c                vTaskSwitchContext
 .text.vTaskPlaceOnEventList
                0x0000000008008914       0x48 ./Middlewares/Third_Party/FreeRTOS/Source/tasks.o
                0x0000000008008914                vTaskPlaceOnEventList
 .text.vTaskPlaceOnUnorderedEventList
                0x000000000800895c       0x78 ./Middlewares/Third_Party/FreeRTOS/Source/tasks.o
                0x000000000800895c                vTaskPlaceOnUnorderedEventList
 .text.vTaskPlaceOnEventListRestricted
                0x00000000080089d4       0x58 ./Middlewares/Third_Party/FreeRTOS/Source/tasks.o
                0x00000000080089d4                vTaskPlaceOnEventListRestricted
 .text.xTaskRemoveFromEventList
                0x0000000008008a2c       0xc8 ./Middlewares/Third_Party/FreeRTOS/Source/tasks.o
                0x0000000008008a2c                xTaskRemoveFromEventList
 .text.vTaskRemoveFromUnorderedEventList
                0x0000000008008af4       0xc4 ./Middlewares/Third_Party/FreeRTOS/Source/tasks.o
                0x0000000008008af4                vTaskRemoveFromUnorderedEventList
 .text.vTaskInternalSetTimeOutState
                0x0000000008008bb8       0x2c ./Middlewares/Third_Party/FreeRTOS/Source/tasks.o
                0x0000000008008bb8                vTaskInternalSetTimeOutState
 .text.xTaskCheckForTimeOut
                0x0000000008008be4       0xc4 ./Middlewares/Third_Party/FreeRTOS/Source/tasks.o
                0x0000000008008be4                xTaskCheckForTimeOut
 .text.vTaskMissedYield
                0x0000000008008ca8       0x18 ./Middlewares/Third_Party/FreeRTOS/Source/tasks.o
                0x0000000008008ca8                vTaskMissedYield
 .text.prvIdleTask
                0x0000000008008cc0       0x30 ./Middlewares/Third_Party/FreeRTOS/Source/tasks.o
 .text.prvInitialiseTaskLists
                0x0000000008008cf0       0x80 ./Middlewares/Third_Party/FreeRTOS/Source/tasks.o
 .text.prvCheckTasksWaitingTermination
                0x0000000008008d70       0x5c ./Middlewares/Third_Party/FreeRTOS/Source/tasks.o
 .text.prvDeleteTCB
                0x0000000008008dcc       0x68 ./Middlewares/Third_Party/FreeRTOS/Source/tasks.o
 .text.prvResetNextTaskUnblockTime
                0x0000000008008e34       0x40 ./Middlewares/Third_Party/FreeRTOS/Source/tasks.o
 .text.xTaskGetSchedulerState
                0x0000000008008e74       0x3c ./Middlewares/Third_Party/FreeRTOS/Source/tasks.o
                0x0000000008008e74                xTaskGetSchedulerState
 .text.xTaskPriorityDisinherit
                0x0000000008008eb0       0xdc ./Middlewares/Third_Party/FreeRTOS/Source/tasks.o
                0x0000000008008eb0                xTaskPriorityDisinherit
 .text.uxTaskResetEventItemValue
                0x0000000008008f8c       0x30 ./Middlewares/Third_Party/FreeRTOS/Source/tasks.o
                0x0000000008008f8c                uxTaskResetEventItemValue
 .text.prvAddCurrentTaskToDelayedList
                0x0000000008008fbc       0xa8 ./Middlewares/Third_Party/FreeRTOS/Source/tasks.o
 .text.xTimerCreateTimerTask
                0x0000000008009064       0x90 ./Middlewares/Third_Party/FreeRTOS/Source/timers.o
                0x0000000008009064                xTimerCreateTimerTask
 .text.xTimerGenericCommand
                0x00000000080090f4       0x9c ./Middlewares/Third_Party/FreeRTOS/Source/timers.o
                0x00000000080090f4                xTimerGenericCommand
 .text.prvProcessExpiredTimer
                0x0000000008009190       0x98 ./Middlewares/Third_Party/FreeRTOS/Source/timers.o
 .text.prvTimerTask
                0x0000000008009228       0x24 ./Middlewares/Third_Party/FreeRTOS/Source/timers.o
 .text.prvProcessTimerOrBlockTask
                0x000000000800924c       0x9c ./Middlewares/Third_Party/FreeRTOS/Source/timers.o
 .text.prvGetNextExpireTime
                0x00000000080092e8       0x48 ./Middlewares/Third_Party/FreeRTOS/Source/timers.o
 .text.prvSampleTimeNow
                0x0000000008009330       0x40 ./Middlewares/Third_Party/FreeRTOS/Source/timers.o
 .text.prvInsertTimerInActiveList
                0x0000000008009370       0x84 ./Middlewares/Third_Party/FreeRTOS/Source/timers.o
 .text.prvProcessReceivedCommands
                0x00000000080093f4      0x1c4 ./Middlewares/Third_Party/FreeRTOS/Source/timers.o
 .text.prvSwitchTimerLists
                0x00000000080095b8       0xc8 ./Middlewares/Third_Party/FreeRTOS/Source/timers.o
 .text.prvCheckForValidListAndQueue
                0x0000000008009680       0x80 ./Middlewares/Third_Party/FreeRTOS/Source/timers.o
 .text.xTimerPendFunctionCallFromISR
                0x0000000008009700       0x40 ./Middlewares/Third_Party/FreeRTOS/Source/timers.o
                0x0000000008009700                xTimerPendFunctionCallFromISR
 .text.pxPortInitialiseStack
                0x0000000008009740       0x68 ./Middlewares/Third_Party/FreeRTOS/Source/portable/GCC/ARM_CM4F/port.o
                0x0000000008009740                pxPortInitialiseStack
 .text.prvTaskExitError
                0x00000000080097a8       0x58 ./Middlewares/Third_Party/FreeRTOS/Source/portable/GCC/ARM_CM4F/port.o
 .text.SVC_Handler
                0x0000000008009800       0x28 ./Middlewares/Third_Party/FreeRTOS/Source/portable/GCC/ARM_CM4F/port.o
                0x0000000008009800                SVC_Handler
 .text.prvPortStartFirstTask
                0x0000000008009828       0x28 ./Middlewares/Third_Party/FreeRTOS/Source/portable/GCC/ARM_CM4F/port.o
 .text.xPortStartScheduler
                0x0000000008009850      0x144 ./Middlewares/Third_Party/FreeRTOS/Source/portable/GCC/ARM_CM4F/port.o
                0x0000000008009850                xPortStartScheduler
 .text.vPortEnterCritical
                0x0000000008009994       0x60 ./Middlewares/Third_Party/FreeRTOS/Source/portable/GCC/ARM_CM4F/port.o
                0x0000000008009994                vPortEnterCritical
 .text.vPortExitCritical
                0x00000000080099f4       0x54 ./Middlewares/Third_Party/FreeRTOS/Source/portable/GCC/ARM_CM4F/port.o
                0x00000000080099f4                vPortExitCritical
 *fill*         0x0000000008009a48        0x8 
 .text.PendSV_Handler
                0x0000000008009a50       0x68 ./Middlewares/Third_Party/FreeRTOS/Source/portable/GCC/ARM_CM4F/port.o
                0x0000000008009a50                PendSV_Handler
 .text.xPortSysTickHandler
                0x0000000008009ab8       0x44 ./Middlewares/Third_Party/FreeRTOS/Source/portable/GCC/ARM_CM4F/port.o
                0x0000000008009ab8                xPortSysTickHandler
 .text.vPortSetupTimerInterrupt
                0x0000000008009afc       0x48 ./Middlewares/Third_Party/FreeRTOS/Source/portable/GCC/ARM_CM4F/port.o
                0x0000000008009afc                vPortSetupTimerInterrupt
 .text.vPortEnableVFP
                0x0000000008009b44       0x14 ./Middlewares/Third_Party/FreeRTOS/Source/portable/GCC/ARM_CM4F/port.o
 .text.vPortValidateInterruptPriority
                0x0000000008009b58       0x80 ./Middlewares/Third_Party/FreeRTOS/Source/portable/GCC/ARM_CM4F/port.o
                0x0000000008009b58                vPortValidateInterruptPriority
 .text.pvPortMalloc
                0x0000000008009bd8      0x198 ./Middlewares/Third_Party/FreeRTOS/Source/portable/MemMang/heap_4.o
                0x0000000008009bd8                pvPortMalloc
 .text.vPortFree
                0x0000000008009d70       0xc4 ./Middlewares/Third_Party/FreeRTOS/Source/portable/MemMang/heap_4.o
                0x0000000008009d70                vPortFree
 .text.prvHeapInit
                0x0000000008009e34       0xc4 ./Middlewares/Third_Party/FreeRTOS/Source/portable/MemMang/heap_4.o
 .text.prvInsertBlockIntoFreeList
                0x0000000008009ef8       0xb4 ./Middlewares/Third_Party/FreeRTOS/Source/portable/MemMang/heap_4.o
 .text.__errno  0x0000000008009fac        0xc c:/st/stm32cubeide_1.12.0/stm32cubeide/plugins/com.st.stm32cube.ide.mcu.externaltools.gnu-tools-for-stm32.10.3-2021.10.win32_1.0.200.202301161003/tools/bin/../lib/gcc/arm-none-eabi/10.3.1/../../../../arm-none-eabi/lib/thumb/v7e-m+fp/hard\libc_nano.a(lib_a-errno.o)
                0x0000000008009fac                __errno
 .text.__libc_init_array
                0x0000000008009fb8       0x48 c:/st/stm32cubeide_1.12.0/stm32cubeide/plugins/com.st.stm32cube.ide.mcu.externaltools.gnu-tools-for-stm32.10.3-2021.10.win32_1.0.200.202301161003/tools/bin/../lib/gcc/arm-none-eabi/10.3.1/../../../../arm-none-eabi/lib/thumb/v7e-m+fp/hard\libc_nano.a(lib_a-init.o)
                0x0000000008009fb8                __libc_init_array
 .text.__retarget_lock_acquire_recursive
                0x000000000800a000        0x2 c:/st/stm32cubeide_1.12.0/stm32cubeide/plugins/com.st.stm32cube.ide.mcu.externaltools.gnu-tools-for-stm32.10.3-2021.10.win32_1.0.200.202301161003/tools/bin/../lib/gcc/arm-none-eabi/10.3.1/../../../../arm-none-eabi/lib/thumb/v7e-m+fp/hard\libc_nano.a(lib_a-lock.o)
                0x000000000800a000                __retarget_lock_acquire_recursive
 .text.__retarget_lock_release_recursive
                0x000000000800a002        0x2 c:/st/stm32cubeide_1.12.0/stm32cubeide/plugins/com.st.stm32cube.ide.mcu.externaltools.gnu-tools-for-stm32.10.3-2021.10.win32_1.0.200.202301161003/tools/bin/../lib/gcc/arm-none-eabi/10.3.1/../../../../arm-none-eabi/lib/thumb/v7e-m+fp/hard\libc_nano.a(lib_a-lock.o)
                0x000000000800a002                __retarget_lock_release_recursive
 .text.memcpy   0x000000000800a004       0x1c c:/st/stm32cubeide_1.12.0/stm32cubeide/plugins/com.st.stm32cube.ide.mcu.externaltools.gnu-tools-for-stm32.10.3-2021.10.win32_1.0.200.202301161003/tools/bin/../lib/gcc/arm-none-eabi/10.3.1/../../../../arm-none-eabi/lib/thumb/v7e-m+fp/hard\libc_nano.a(lib_a-memcpy-stub.o)
                0x000000000800a004                memcpy
 .text.memset   0x000000000800a020       0x10 c:/st/stm32cubeide_1.12.0/stm32cubeide/plugins/com.st.stm32cube.ide.mcu.externaltools.gnu-tools-for-stm32.10.3-2021.10.win32_1.0.200.202301161003/tools/bin/../lib/gcc/arm-none-eabi/10.3.1/../../../../arm-none-eabi/lib/thumb/v7e-m+fp/hard\libc_nano.a(lib_a-memset.o)
                0x000000000800a020                memset
 .text.sbrk_aligned
                0x000000000800a030       0x40 c:/st/stm32cubeide_1.12.0/stm32cubeide/plugins/com.st.stm32cube.ide.mcu.externaltools.gnu-tools-for-stm32.10.3-2021.10.win32_1.0.200.202301161003/tools/bin/../lib/gcc/arm-none-eabi/10.3.1/../../../../arm-none-eabi/lib/thumb/v7e-m+fp/hard\libc_nano.a(lib_a-nano-mallocr.o)
 .text._malloc_r
                0x000000000800a070       0xe8 c:/st/stm32cubeide_1.12.0/stm32cubeide/plugins/com.st.stm32cube.ide.mcu.externaltools.gnu-tools-for-stm32.10.3-2021.10.win32_1.0.200.202301161003/tools/bin/../lib/gcc/arm-none-eabi/10.3.1/../../../../arm-none-eabi/lib/thumb/v7e-m+fp/hard\libc_nano.a(lib_a-nano-mallocr.o)
                0x000000000800a070                _malloc_r
 .text.cleanup_glue
                0x000000000800a158       0x1a c:/st/stm32cubeide_1.12.0/stm32cubeide/plugins/com.st.stm32cube.ide.mcu.externaltools.gnu-tools-for-stm32.10.3-2021.10.win32_1.0.200.202301161003/tools/bin/../lib/gcc/arm-none-eabi/10.3.1/../../../../arm-none-eabi/lib/thumb/v7e-m+fp/hard\libc_nano.a(lib_a-reent.o)
                0x000000000800a158                cleanup_glue
 *fill*         0x000000000800a172        0x2 
 .text._reclaim_reent
                0x000000000800a174       0xb8 c:/st/stm32cubeide_1.12.0/stm32cubeide/plugins/com.st.stm32cube.ide.mcu.externaltools.gnu-tools-for-stm32.10.3-2021.10.win32_1.0.200.202301161003/tools/bin/../lib/gcc/arm-none-eabi/10.3.1/../../../../arm-none-eabi/lib/thumb/v7e-m+fp/hard\libc_nano.a(lib_a-reent.o)
                0x000000000800a174                _reclaim_reent
 .text._sbrk_r  0x000000000800a22c       0x20 c:/st/stm32cubeide_1.12.0/stm32cubeide/plugins/com.st.stm32cube.ide.mcu.externaltools.gnu-tools-for-stm32.10.3-2021.10.win32_1.0.200.202301161003/tools/bin/../lib/gcc/arm-none-eabi/10.3.1/../../../../arm-none-eabi/lib/thumb/v7e-m+fp/hard\libc_nano.a(lib_a-sbrkr.o)
                0x000000000800a22c                _sbrk_r
 .text.sprintf  0x000000000800a24c       0x40 c:/st/stm32cubeide_1.12.0/stm32cubeide/plugins/com.st.stm32cube.ide.mcu.externaltools.gnu-tools-for-stm32.10.3-2021.10.win32_1.0.200.202301161003/tools/bin/../lib/gcc/arm-none-eabi/10.3.1/../../../../arm-none-eabi/lib/thumb/v7e-m+fp/hard\libc_nano.a(lib_a-sprintf.o)
                0x000000000800a24c                siprintf
                0x000000000800a24c                sprintf
 .text.__malloc_lock
                0x000000000800a28c        0xc c:/st/stm32cubeide_1.12.0/stm32cubeide/plugins/com.st.stm32cube.ide.mcu.externaltools.gnu-tools-for-stm32.10.3-2021.10.win32_1.0.200.202301161003/tools/bin/../lib/gcc/arm-none-eabi/10.3.1/../../../../arm-none-eabi/lib/thumb/v7e-m+fp/hard\libc_nano.a(lib_a-mlock.o)
                0x000000000800a28c                __malloc_lock
 .text.__malloc_unlock
                0x000000000800a298        0xc c:/st/stm32cubeide_1.12.0/stm32cubeide/plugins/com.st.stm32cube.ide.mcu.externaltools.gnu-tools-for-stm32.10.3-2021.10.win32_1.0.200.202301161003/tools/bin/../lib/gcc/arm-none-eabi/10.3.1/../../../../arm-none-eabi/lib/thumb/v7e-m+fp/hard\libc_nano.a(lib_a-mlock.o)
                0x000000000800a298                __malloc_unlock
 .text._free_r  0x000000000800a2a4       0x98 c:/st/stm32cubeide_1.12.0/stm32cubeide/plugins/com.st.stm32cube.ide.mcu.externaltools.gnu-tools-for-stm32.10.3-2021.10.win32_1.0.200.202301161003/tools/bin/../lib/gcc/arm-none-eabi/10.3.1/../../../../arm-none-eabi/lib/thumb/v7e-m+fp/hard\libc_nano.a(lib_a-nano-freer.o)
                0x000000000800a2a4                _free_r
 .text.__ssputs_r
                0x000000000800a33c       0xb6 c:/st/stm32cubeide_1.12.0/stm32cubeide/plugins/com.st.stm32cube.ide.mcu.externaltools.gnu-tools-for-stm32.10.3-2021.10.win32_1.0.200.202301161003/tools/bin/../lib/gcc/arm-none-eabi/10.3.1/../../../../arm-none-eabi/lib/thumb/v7e-m+fp/hard\libc_nano.a(lib_a-nano-svfprintf.o)
                0x000000000800a33c                __ssputs_r
 *fill*         0x000000000800a3f2        0x2 
 .text._svfprintf_r
                0x000000000800a3f4      0x200 c:/st/stm32cubeide_1.12.0/stm32cubeide/plugins/com.st.stm32cube.ide.mcu.externaltools.gnu-tools-for-stm32.10.3-2021.10.win32_1.0.200.202301161003/tools/bin/../lib/gcc/arm-none-eabi/10.3.1/../../../../arm-none-eabi/lib/thumb/v7e-m+fp/hard\libc_nano.a(lib_a-nano-svfprintf.o)
                0x000000000800a3f4                _svfiprintf_r
                0x000000000800a3f4                _svfprintf_r
 .text._printf_common
                0x000000000800a5f4       0xda c:/st/stm32cubeide_1.12.0/stm32cubeide/plugins/com.st.stm32cube.ide.mcu.externaltools.gnu-tools-for-stm32.10.3-2021.10.win32_1.0.200.202301161003/tools/bin/../lib/gcc/arm-none-eabi/10.3.1/../../../../arm-none-eabi/lib/thumb/v7e-m+fp/hard\libc_nano.a(lib_a-nano-vfprintf_i.o)
                0x000000000800a5f4                _printf_common
 *fill*         0x000000000800a6ce        0x2 
 .text._printf_i
                0x000000000800a6d0      0x24c c:/st/stm32cubeide_1.12.0/stm32cubeide/plugins/com.st.stm32cube.ide.mcu.externaltools.gnu-tools-for-stm32.10.3-2021.10.win32_1.0.200.202301161003/tools/bin/../lib/gcc/arm-none-eabi/10.3.1/../../../../arm-none-eabi/lib/thumb/v7e-m+fp/hard\libc_nano.a(lib_a-nano-vfprintf_i.o)
                0x000000000800a6d0                _printf_i
 .text.memmove  0x000000000800a91c       0x34 c:/st/stm32cubeide_1.12.0/stm32cubeide/plugins/com.st.stm32cube.ide.mcu.externaltools.gnu-tools-for-stm32.10.3-2021.10.win32_1.0.200.202301161003/tools/bin/../lib/gcc/arm-none-eabi/10.3.1/../../../../arm-none-eabi/lib/thumb/v7e-m+fp/hard\libc_nano.a(lib_a-memmove.o)
                0x000000000800a91c                memmove
 .text._realloc_r
                0x000000000800a950       0x5e c:/st/stm32cubeide_1.12.0/stm32cubeide/plugins/com.st.stm32cube.ide.mcu.externaltools.gnu-tools-for-stm32.10.3-2021.10.win32_1.0.200.202301161003/tools/bin/../lib/gcc/arm-none-eabi/10.3.1/../../../../arm-none-eabi/lib/thumb/v7e-m+fp/hard\libc_nano.a(lib_a-nano-reallocr.o)
                0x000000000800a950                _realloc_r
 .text._malloc_usable_size_r
                0x000000000800a9ae       0x10 c:/st/stm32cubeide_1.12.0/stm32cubeide/plugins/com.st.stm32cube.ide.mcu.externaltools.gnu-tools-for-stm32.10.3-2021.10.win32_1.0.200.202301161003/tools/bin/../lib/gcc/arm-none-eabi/10.3.1/../../../../arm-none-eabi/lib/thumb/v7e-m+fp/hard\libc_nano.a(lib_a-nano-msizer.o)
                0x000000000800a9ae                _malloc_usable_size_r
 *(.glue_7)
 .glue_7        0x000000000800a9be        0x0 linker stubs
 *(.glue_7t)
 .glue_7t       0x000000000800a9be        0x0 linker stubs
 *(.eh_frame)
 *fill*         0x000000000800a9be        0x2 
 .eh_frame      0x000000000800a9c0        0x0 c:/st/stm32cubeide_1.12.0/stm32cubeide/plugins/com.st.stm32cube.ide.mcu.externaltools.gnu-tools-for-stm32.10.3-2021.10.win32_1.0.200.202301161003/tools/bin/../lib/gcc/arm-none-eabi/10.3.1/thumb/v7e-m+fp/hard/crtbegin.o
 *(.init)
 .init          0x000000000800a9c0        0x4 c:/st/stm32cubeide_1.12.0/stm32cubeide/plugins/com.st.stm32cube.ide.mcu.externaltools.gnu-tools-for-stm32.10.3-2021.10.win32_1.0.200.202301161003/tools/bin/../lib/gcc/arm-none-eabi/10.3.1/thumb/v7e-m+fp/hard/crti.o
                0x000000000800a9c0                _init
 .init          0x000000000800a9c4        0x8 c:/st/stm32cubeide_1.12.0/stm32cubeide/plugins/com.st.stm32cube.ide.mcu.externaltools.gnu-tools-for-stm32.10.3-2021.10.win32_1.0.200.202301161003/tools/bin/../lib/gcc/arm-none-eabi/10.3.1/thumb/v7e-m+fp/hard/crtn.o
 *(.fini)
 .fini          0x000000000800a9cc        0x4 c:/st/stm32cubeide_1.12.0/stm32cubeide/plugins/com.st.stm32cube.ide.mcu.externaltools.gnu-tools-for-stm32.10.3-2021.10.win32_1.0.200.202301161003/tools/bin/../lib/gcc/arm-none-eabi/10.3.1/thumb/v7e-m+fp/hard/crti.o
                0x000000000800a9cc                _fini
 .fini          0x000000000800a9d0        0x8 c:/st/stm32cubeide_1.12.0/stm32cubeide/plugins/com.st.stm32cube.ide.mcu.externaltools.gnu-tools-for-stm32.10.3-2021.10.win32_1.0.200.202301161003/tools/bin/../lib/gcc/arm-none-eabi/10.3.1/thumb/v7e-m+fp/hard/crtn.o
                0x000000000800a9d8                . = ALIGN (0x4)
                0x000000000800a9d8                _etext = .

.vfp11_veneer   0x000000000800a9d8        0x0
 .vfp11_veneer  0x000000000800a9d8        0x0 linker stubs

.v4_bx          0x000000000800a9d8        0x0
 .v4_bx         0x000000000800a9d8        0x0 linker stubs

.iplt           0x000000000800a9d8        0x0
 .iplt          0x000000000800a9d8        0x0 c:/st/stm32cubeide_1.12.0/stm32cubeide/plugins/com.st.stm32cube.ide.mcu.externaltools.gnu-tools-for-stm32.10.3-2021.10.win32_1.0.200.202301161003/tools/bin/../lib/gcc/arm-none-eabi/10.3.1/thumb/v7e-m+fp/hard/crtbegin.o

.rodata         0x000000000800a9d8      0x2d8
                0x000000000800a9d8                . = ALIGN (0x4)
 *(.rodata)
 .rodata        0x000000000800a9d8       0x4b ./Core/Src/elevator_os.o
 *fill*         0x000000000800aa23        0x1 
 .rodata        0x000000000800aa24       0x61 ./Core/Src/main.o
 *fill*         0x000000000800aa85        0x3 
 .rodata        0x000000000800aa88        0x5 ./Middlewares/Third_Party/FreeRTOS/Source/tasks.o
 *fill*         0x000000000800aa8d        0x3 
 .rodata        0x000000000800aa90        0xd ./Middlewares/Third_Party/FreeRTOS/Source/timers.o
 *(.rodata*)
 *fill*         0x000000000800aa9d        0x3 
 .rodata.floor_num
                0x000000000800aaa0       0x50 ./Core/Src/dotmatrix.o
 .rodata.up_arrow
                0x000000000800aaf0        0x8 ./Core/Src/dotmatrix.o
 .rodata.down_arrow
                0x000000000800aaf8        0x8 ./Core/Src/dotmatrix.o
 .rodata.all_off
                0x000000000800ab00        0x8 ./Core/Src/dotmatrix.o
 .rodata.FND_font
                0x000000000800ab08       0x28 ./Core/Src/fnd.o
 .rodata.defaultTask_attributes
                0x000000000800ab30       0x24 ./Core/Src/main.o
                0x000000000800ab30                defaultTask_attributes
 .rodata.ctrl_StepMotor_attributes
                0x000000000800ab54       0x24 ./Core/Src/main.o
                0x000000000800ab54                ctrl_StepMotor_attributes
 .rodata.ctrl_DotMatrix_attributes
                0x000000000800ab78       0x24 ./Core/Src/main.o
                0x000000000800ab78                ctrl_DotMatrix_attributes
 .rodata.polling_BTN_attributes
                0x000000000800ab9c       0x24 ./Core/Src/main.o
                0x000000000800ab9c                polling_BTN_attributes
 .rodata.polling_BTN_FLO_attributes
                0x000000000800abc0       0x24 ./Core/Src/main.o
                0x000000000800abc0                polling_BTN_FLO_attributes
 .rodata.mutex_lcd_attributes
                0x000000000800abe4       0x10 ./Core/Src/main.o
                0x000000000800abe4                mutex_lcd_attributes
 .rodata.select_floor_attributes
                0x000000000800abf4       0x10 ./Core/Src/main.o
                0x000000000800abf4                select_floor_attributes
 .rodata.AHBPrescTable
                0x000000000800ac04       0x10 ./Core/Src/system_stm32f4xx.o
                0x000000000800ac04                AHBPrescTable
 .rodata.APBPrescTable
                0x000000000800ac14        0x8 ./Core/Src/system_stm32f4xx.o
                0x000000000800ac14                APBPrescTable
 .rodata.__sf_fake_stderr
                0x000000000800ac1c       0x20 c:/st/stm32cubeide_1.12.0/stm32cubeide/plugins/com.st.stm32cube.ide.mcu.externaltools.gnu-tools-for-stm32.10.3-2021.10.win32_1.0.200.202301161003/tools/bin/../lib/gcc/arm-none-eabi/10.3.1/../../../../arm-none-eabi/lib/thumb/v7e-m+fp/hard\libc_nano.a(lib_a-findfp.o)
                0x000000000800ac1c                __sf_fake_stderr
 .rodata.__sf_fake_stdin
                0x000000000800ac3c       0x20 c:/st/stm32cubeide_1.12.0/stm32cubeide/plugins/com.st.stm32cube.ide.mcu.externaltools.gnu-tools-for-stm32.10.3-2021.10.win32_1.0.200.202301161003/tools/bin/../lib/gcc/arm-none-eabi/10.3.1/../../../../arm-none-eabi/lib/thumb/v7e-m+fp/hard\libc_nano.a(lib_a-findfp.o)
                0x000000000800ac3c                __sf_fake_stdin
 .rodata.__sf_fake_stdout
                0x000000000800ac5c       0x20 c:/st/stm32cubeide_1.12.0/stm32cubeide/plugins/com.st.stm32cube.ide.mcu.externaltools.gnu-tools-for-stm32.10.3-2021.10.win32_1.0.200.202301161003/tools/bin/../lib/gcc/arm-none-eabi/10.3.1/../../../../arm-none-eabi/lib/thumb/v7e-m+fp/hard\libc_nano.a(lib_a-findfp.o)
                0x000000000800ac5c                __sf_fake_stdout
 .rodata._svfprintf_r.str1.1
                0x000000000800ac7c       0x11 c:/st/stm32cubeide_1.12.0/stm32cubeide/plugins/com.st.stm32cube.ide.mcu.externaltools.gnu-tools-for-stm32.10.3-2021.10.win32_1.0.200.202301161003/tools/bin/../lib/gcc/arm-none-eabi/10.3.1/../../../../arm-none-eabi/lib/thumb/v7e-m+fp/hard\libc_nano.a(lib_a-nano-svfprintf.o)
 .rodata._printf_i.str1.1
                0x000000000800ac8d       0x22 c:/st/stm32cubeide_1.12.0/stm32cubeide/plugins/com.st.stm32cube.ide.mcu.externaltools.gnu-tools-for-stm32.10.3-2021.10.win32_1.0.200.202301161003/tools/bin/../lib/gcc/arm-none-eabi/10.3.1/../../../../arm-none-eabi/lib/thumb/v7e-m+fp/hard\libc_nano.a(lib_a-nano-vfprintf_i.o)
                0x000000000800acb0                . = ALIGN (0x4)
 *fill*         0x000000000800acaf        0x1 

.ARM.extab      0x000000000800acb0        0x0
                0x000000000800acb0                . = ALIGN (0x4)
 *(.ARM.extab* .gnu.linkonce.armextab.*)
                0x000000000800acb0                . = ALIGN (0x4)

.ARM            0x000000000800acb0        0x8
                0x000000000800acb0                . = ALIGN (0x4)
                0x000000000800acb0                __exidx_start = .
 *(.ARM.exidx*)
 .ARM.exidx     0x000000000800acb0        0x8 c:/st/stm32cubeide_1.12.0/stm32cubeide/plugins/com.st.stm32cube.ide.mcu.externaltools.gnu-tools-for-stm32.10.3-2021.10.win32_1.0.200.202301161003/tools/bin/../lib/gcc/arm-none-eabi/10.3.1/thumb/v7e-m+fp/hard\libgcc.a(_udivmoddi4.o)
                0x000000000800acb8                __exidx_end = .
                0x000000000800acb8                . = ALIGN (0x4)

.rel.dyn        0x000000000800acb8        0x0
 .rel.iplt      0x000000000800acb8        0x0 c:/st/stm32cubeide_1.12.0/stm32cubeide/plugins/com.st.stm32cube.ide.mcu.externaltools.gnu-tools-for-stm32.10.3-2021.10.win32_1.0.200.202301161003/tools/bin/../lib/gcc/arm-none-eabi/10.3.1/thumb/v7e-m+fp/hard/crtbegin.o

.preinit_array  0x000000000800acb8        0x0
                0x000000000800acb8                . = ALIGN (0x4)
                0x000000000800acb8                PROVIDE (__preinit_array_start = .)
 *(.preinit_array*)
                0x000000000800acb8                PROVIDE (__preinit_array_end = .)
                0x000000000800acb8                . = ALIGN (0x4)

.init_array     0x000000000800acb8        0x4
                0x000000000800acb8                . = ALIGN (0x4)
                0x000000000800acb8                PROVIDE (__init_array_start = .)
 *(SORT_BY_NAME(.init_array.*))
 *(.init_array*)
 .init_array    0x000000000800acb8        0x4 c:/st/stm32cubeide_1.12.0/stm32cubeide/plugins/com.st.stm32cube.ide.mcu.externaltools.gnu-tools-for-stm32.10.3-2021.10.win32_1.0.200.202301161003/tools/bin/../lib/gcc/arm-none-eabi/10.3.1/thumb/v7e-m+fp/hard/crtbegin.o
                0x000000000800acbc                PROVIDE (__init_array_end = .)
                0x000000000800acbc                . = ALIGN (0x4)

.fini_array     0x000000000800acbc        0x4
                0x000000000800acbc                . = ALIGN (0x4)
                [!provide]                        PROVIDE (__fini_array_start = .)
 *(SORT_BY_NAME(.fini_array.*))
 *(.fini_array*)
 .fini_array    0x000000000800acbc        0x4 c:/st/stm32cubeide_1.12.0/stm32cubeide/plugins/com.st.stm32cube.ide.mcu.externaltools.gnu-tools-for-stm32.10.3-2021.10.win32_1.0.200.202301161003/tools/bin/../lib/gcc/arm-none-eabi/10.3.1/thumb/v7e-m+fp/hard/crtbegin.o
                [!provide]                        PROVIDE (__fini_array_end = .)
                0x000000000800acc0                . = ALIGN (0x4)
                0x000000000800acc0                _sidata = LOADADDR (.data)

.data           0x0000000020000000       0xdc load address 0x000000000800acc0
                0x0000000020000000                . = ALIGN (0x4)
                0x0000000020000000                _sdata = .
 *(.data)
 *(.data*)
 .data.button_status
                0x0000000020000000        0x7 ./Core/Src/button.o
                0x0000000020000000                button_status
 *fill*         0x0000000020000007        0x1 
 .data.col_port
                0x0000000020000008       0x20 ./Core/Src/dotmatrix.o
 .data.row_port
                0x0000000020000028       0x20 ./Core/Src/dotmatrix.o
 .data.col_pin  0x0000000020000048       0x10 ./Core/Src/dotmatrix.o
 .data.row_pin  0x0000000020000058       0x10 ./Core/Src/dotmatrix.o
 .data.SystemCoreClock
                0x0000000020000068        0x4 ./Core/Src/system_stm32f4xx.o
                0x0000000020000068                SystemCoreClock
 .data.uwTickPrio
                0x000000002000006c        0x4 ./Drivers/STM32F4xx_HAL_Driver/Src/stm32f4xx_hal.o
                0x000000002000006c                uwTickPrio
 .data.uwTickFreq
                0x0000000020000070        0x1 ./Drivers/STM32F4xx_HAL_Driver/Src/stm32f4xx_hal.o
                0x0000000020000070                uwTickFreq
 *fill*         0x0000000020000071        0x3 
 .data.uxCriticalNesting
                0x0000000020000074        0x4 ./Middlewares/Third_Party/FreeRTOS/Source/portable/GCC/ARM_CM4F/port.o
 .data._impure_ptr
                0x0000000020000078        0x4 c:/st/stm32cubeide_1.12.0/stm32cubeide/plugins/com.st.stm32cube.ide.mcu.externaltools.gnu-tools-for-stm32.10.3-2021.10.win32_1.0.200.202301161003/tools/bin/../lib/gcc/arm-none-eabi/10.3.1/../../../../arm-none-eabi/lib/thumb/v7e-m+fp/hard\libc_nano.a(lib_a-impure.o)
                0x0000000020000078                _impure_ptr
 .data.impure_data
                0x000000002000007c       0x60 c:/st/stm32cubeide_1.12.0/stm32cubeide/plugins/com.st.stm32cube.ide.mcu.externaltools.gnu-tools-for-stm32.10.3-2021.10.win32_1.0.200.202301161003/tools/bin/../lib/gcc/arm-none-eabi/10.3.1/../../../../arm-none-eabi/lib/thumb/v7e-m+fp/hard\libc_nano.a(lib_a-impure.o)
 *(.RamFunc)
 *(.RamFunc*)
                0x00000000200000dc                . = ALIGN (0x4)
                0x00000000200000dc                _edata = .
                0x000000000800ad9c                _siccmram = LOADADDR (.ccmram)

.igot.plt       0x00000000200000dc        0x0 load address 0x000000000800ad9c
 .igot.plt      0x00000000200000dc        0x0 c:/st/stm32cubeide_1.12.0/stm32cubeide/plugins/com.st.stm32cube.ide.mcu.externaltools.gnu-tools-for-stm32.10.3-2021.10.win32_1.0.200.202301161003/tools/bin/../lib/gcc/arm-none-eabi/10.3.1/thumb/v7e-m+fp/hard/crtbegin.o

.ccmram         0x0000000010000000        0x0 load address 0x000000000800ad9c
                0x0000000010000000                . = ALIGN (0x4)
                0x0000000010000000                _sccmram = .
 *(.ccmram)
 *(.ccmram*)
                0x0000000010000000                . = ALIGN (0x4)
                0x0000000010000000                _eccmram = .
                0x0000000010000000                . = ALIGN (0x4)

.bss            0x00000000200000dc     0x533c
                0x00000000200000dc                _sbss = .
                0x00000000200000dc                __bss_start__ = _sbss
 *(.bss)
 .bss           0x00000000200000dc       0x1c c:/st/stm32cubeide_1.12.0/stm32cubeide/plugins/com.st.stm32cube.ide.mcu.externaltools.gnu-tools-for-stm32.10.3-2021.10.win32_1.0.200.202301161003/tools/bin/../lib/gcc/arm-none-eabi/10.3.1/thumb/v7e-m+fp/hard/crtbegin.o
 *(.bss*)
 .bss.display_scroll_buffer
                0x00000000200000f8       0x10 ./Core/Src/dotmatrix.o
                0x00000000200000f8                display_scroll_buffer
 .bss.display_data
                0x0000000020000108        0x8 ./Core/Src/dotmatrix.o
                0x0000000020000108                display_data
 .bss.count.2   0x0000000020000110        0x1 ./Core/Src/dotmatrix.o
 .bss.index.1   0x0000000020000111        0x1 ./Core/Src/dotmatrix.o
 *fill*         0x0000000020000112        0x2 
 .bss.past_time.0
                0x0000000020000114        0x4 ./Core/Src/dotmatrix.o
 .bss.curr_status
                0x0000000020000118        0x1 ./Core/Src/elevator_os.o
 .bss.curr_floor
                0x0000000020000119        0x1 ./Core/Src/elevator_os.o
 .bss.target_floor
                0x000000002000011a        0x1 ./Core/Src/elevator_os.o
 *fill*         0x000000002000011b        0x1 
 .bss.TxConfig  0x000000002000011c       0x38 ./Core/Src/main.o
                0x000000002000011c                TxConfig
 .bss.DMARxDscrTab
                0x0000000020000154       0xa0 ./Core/Src/main.o
                0x0000000020000154                DMARxDscrTab
 .bss.DMATxDscrTab
                0x00000000200001f4       0xa0 ./Core/Src/main.o
                0x00000000200001f4                DMATxDscrTab
 .bss.hadc1     0x0000000020000294       0x48 ./Core/Src/main.o
                0x0000000020000294                hadc1
 .bss.heth      0x00000000200002dc       0xb0 ./Core/Src/main.o
                0x00000000200002dc                heth
 .bss.hi2c1     0x000000002000038c       0x54 ./Core/Src/main.o
                0x000000002000038c                hi2c1
 .bss.htim11    0x00000000200003e0       0x48 ./Core/Src/main.o
                0x00000000200003e0                htim11
 .bss.huart3    0x0000000020000428       0x44 ./Core/Src/main.o
                0x0000000020000428                huart3
 .bss.hpcd_USB_OTG_FS
                0x000000002000046c      0x50c ./Core/Src/main.o
                0x000000002000046c                hpcd_USB_OTG_FS
 .bss.defaultTaskHandle
                0x0000000020000978        0x4 ./Core/Src/main.o
                0x0000000020000978                defaultTaskHandle
 .bss.ctrl_StepMotorHandle
                0x000000002000097c        0x4 ./Core/Src/main.o
                0x000000002000097c                ctrl_StepMotorHandle
 .bss.ctrl_DotMatrixHandle
                0x0000000020000980        0x4 ./Core/Src/main.o
                0x0000000020000980                ctrl_DotMatrixHandle
 .bss.polling_BTNHandle
                0x0000000020000984        0x4 ./Core/Src/main.o
                0x0000000020000984                polling_BTNHandle
 .bss.polling_BTN_FLOHandle
                0x0000000020000988        0x4 ./Core/Src/main.o
                0x0000000020000988                polling_BTN_FLOHandle
 .bss.mutex_lcdHandle
                0x000000002000098c        0x4 ./Core/Src/main.o
                0x000000002000098c                mutex_lcdHandle
 .bss.select_floorHandle
                0x0000000020000990        0x4 ./Core/Src/main.o
                0x0000000020000990                select_floorHandle
 .bss.adcValue  0x0000000020000994        0x8 ./Core/Src/main.o
                0x0000000020000994                adcValue
 .bss.MACAddr.0
                0x000000002000099c        0x6 ./Core/Src/main.o
 *fill*         0x00000000200009a2        0x2 
 .bss.curr_step.0
                0x00000000200009a4        0x4 ./Core/Src/stepmotor.o
 .bss.htim10    0x00000000200009a8       0x48 ./Core/Src/stm32f4xx_hal_timebase_tim.o
                0x00000000200009a8                htim10
 .bss.__sbrk_heap_end
                0x00000000200009f0        0x4 ./Core/Src/sysmem.o
 .bss.uwTick    0x00000000200009f4        0x4 ./Drivers/STM32F4xx_HAL_Driver/Src/stm32f4xx_hal.o
                0x00000000200009f4                uwTick
 .bss.KernelState
                0x00000000200009f8        0x4 ./Middlewares/Third_Party/FreeRTOS/Source/CMSIS_RTOS_V2/cmsis_os2.o
 .bss.Idle_TCB.3
                0x00000000200009fc       0xbc ./Middlewares/Third_Party/FreeRTOS/Source/CMSIS_RTOS_V2/cmsis_os2.o
 .bss.Idle_Stack.2
                0x0000000020000ab8      0x200 ./Middlewares/Third_Party/FreeRTOS/Source/CMSIS_RTOS_V2/cmsis_os2.o
 .bss.Timer_TCB.1
                0x0000000020000cb8       0xbc ./Middlewares/Third_Party/FreeRTOS/Source/CMSIS_RTOS_V2/cmsis_os2.o
 .bss.Timer_Stack.0
                0x0000000020000d74      0x400 ./Middlewares/Third_Party/FreeRTOS/Source/CMSIS_RTOS_V2/cmsis_os2.o
 .bss.xQueueRegistry
                0x0000000020001174       0x40 ./Middlewares/Third_Party/FreeRTOS/Source/queue.o
                0x0000000020001174                xQueueRegistry
 .bss.pxCurrentTCB
                0x00000000200011b4        0x4 ./Middlewares/Third_Party/FreeRTOS/Source/tasks.o
                0x00000000200011b4                pxCurrentTCB
 .bss.pxReadyTasksLists
                0x00000000200011b8      0x460 ./Middlewares/Third_Party/FreeRTOS/Source/tasks.o
 .bss.xDelayedTaskList1
                0x0000000020001618       0x14 ./Middlewares/Third_Party/FreeRTOS/Source/tasks.o
 .bss.xDelayedTaskList2
                0x000000002000162c       0x14 ./Middlewares/Third_Party/FreeRTOS/Source/tasks.o
 .bss.pxDelayedTaskList
                0x0000000020001640        0x4 ./Middlewares/Third_Party/FreeRTOS/Source/tasks.o
 .bss.pxOverflowDelayedTaskList
                0x0000000020001644        0x4 ./Middlewares/Third_Party/FreeRTOS/Source/tasks.o
 .bss.xPendingReadyList
                0x0000000020001648       0x14 ./Middlewares/Third_Party/FreeRTOS/Source/tasks.o
 .bss.xTasksWaitingTermination
                0x000000002000165c       0x14 ./Middlewares/Third_Party/FreeRTOS/Source/tasks.o
 .bss.uxDeletedTasksWaitingCleanUp
                0x0000000020001670        0x4 ./Middlewares/Third_Party/FreeRTOS/Source/tasks.o
 .bss.xSuspendedTaskList
                0x0000000020001674       0x14 ./Middlewares/Third_Party/FreeRTOS/Source/tasks.o
 .bss.uxCurrentNumberOfTasks
                0x0000000020001688        0x4 ./Middlewares/Third_Party/FreeRTOS/Source/tasks.o
 .bss.xTickCount
                0x000000002000168c        0x4 ./Middlewares/Third_Party/FreeRTOS/Source/tasks.o
 .bss.uxTopReadyPriority
                0x0000000020001690        0x4 ./Middlewares/Third_Party/FreeRTOS/Source/tasks.o
 .bss.xSchedulerRunning
                0x0000000020001694        0x4 ./Middlewares/Third_Party/FreeRTOS/Source/tasks.o
 .bss.xPendedTicks
                0x0000000020001698        0x4 ./Middlewares/Third_Party/FreeRTOS/Source/tasks.o
 .bss.xYieldPending
                0x000000002000169c        0x4 ./Middlewares/Third_Party/FreeRTOS/Source/tasks.o
 .bss.xNumOfOverflows
                0x00000000200016a0        0x4 ./Middlewares/Third_Party/FreeRTOS/Source/tasks.o
 .bss.uxTaskNumber
                0x00000000200016a4        0x4 ./Middlewares/Third_Party/FreeRTOS/Source/tasks.o
 .bss.xNextTaskUnblockTime
                0x00000000200016a8        0x4 ./Middlewares/Third_Party/FreeRTOS/Source/tasks.o
 .bss.xIdleTaskHandle
                0x00000000200016ac        0x4 ./Middlewares/Third_Party/FreeRTOS/Source/tasks.o
 .bss.uxSchedulerSuspended
                0x00000000200016b0        0x4 ./Middlewares/Third_Party/FreeRTOS/Source/tasks.o
 .bss.xActiveTimerList1
                0x00000000200016b4       0x14 ./Middlewares/Third_Party/FreeRTOS/Source/timers.o
 .bss.xActiveTimerList2
                0x00000000200016c8       0x14 ./Middlewares/Third_Party/FreeRTOS/Source/timers.o
 .bss.pxCurrentTimerList
                0x00000000200016dc        0x4 ./Middlewares/Third_Party/FreeRTOS/Source/timers.o
 .bss.pxOverflowTimerList
                0x00000000200016e0        0x4 ./Middlewares/Third_Party/FreeRTOS/Source/timers.o
 .bss.xTimerQueue
                0x00000000200016e4        0x4 ./Middlewares/Third_Party/FreeRTOS/Source/timers.o
 .bss.xTimerTaskHandle
                0x00000000200016e8        0x4 ./Middlewares/Third_Party/FreeRTOS/Source/timers.o
 .bss.xLastTime.2
                0x00000000200016ec        0x4 ./Middlewares/Third_Party/FreeRTOS/Source/timers.o
 .bss.ucStaticTimerQueueStorage.1
                0x00000000200016f0       0xa0 ./Middlewares/Third_Party/FreeRTOS/Source/timers.o
 .bss.xStaticTimerQueue.0
                0x0000000020001790       0x50 ./Middlewares/Third_Party/FreeRTOS/Source/timers.o
 .bss.ucMaxSysCallPriority
                0x00000000200017e0        0x1 ./Middlewares/Third_Party/FreeRTOS/Source/portable/GCC/ARM_CM4F/port.o
 *fill*         0x00000000200017e1        0x3 
 .bss.ulMaxPRIGROUPValue
                0x00000000200017e4        0x4 ./Middlewares/Third_Party/FreeRTOS/Source/portable/GCC/ARM_CM4F/port.o
 .bss.ucHeap    0x00000000200017e8     0x3c00 ./Middlewares/Third_Party/FreeRTOS/Source/portable/MemMang/heap_4.o
 .bss.xStart    0x00000000200053e8        0x8 ./Middlewares/Third_Party/FreeRTOS/Source/portable/MemMang/heap_4.o
 .bss.pxEnd     0x00000000200053f0        0x4 ./Middlewares/Third_Party/FreeRTOS/Source/portable/MemMang/heap_4.o
 .bss.xFreeBytesRemaining
                0x00000000200053f4        0x4 ./Middlewares/Third_Party/FreeRTOS/Source/portable/MemMang/heap_4.o
 .bss.xMinimumEverFreeBytesRemaining
                0x00000000200053f8        0x4 ./Middlewares/Third_Party/FreeRTOS/Source/portable/MemMang/heap_4.o
 .bss.xNumberOfSuccessfulAllocations
                0x00000000200053fc        0x4 ./Middlewares/Third_Party/FreeRTOS/Source/portable/MemMang/heap_4.o
 .bss.xNumberOfSuccessfulFrees
                0x0000000020005400        0x4 ./Middlewares/Third_Party/FreeRTOS/Source/portable/MemMang/heap_4.o
 .bss.xBlockAllocatedBit
                0x0000000020005404        0x4 ./Middlewares/Third_Party/FreeRTOS/Source/portable/MemMang/heap_4.o
 .bss.__lock___malloc_recursive_mutex
                0x0000000020005408        0x1 c:/st/stm32cubeide_1.12.0/stm32cubeide/plugins/com.st.stm32cube.ide.mcu.externaltools.gnu-tools-for-stm32.10.3-2021.10.win32_1.0.200.202301161003/tools/bin/../lib/gcc/arm-none-eabi/10.3.1/../../../../arm-none-eabi/lib/thumb/v7e-m+fp/hard\libc_nano.a(lib_a-lock.o)
                0x0000000020005408                __lock___malloc_recursive_mutex
 *fill*         0x0000000020005409        0x3 
 .bss.__malloc_free_list
                0x000000002000540c        0x4 c:/st/stm32cubeide_1.12.0/stm32cubeide/plugins/com.st.stm32cube.ide.mcu.externaltools.gnu-tools-for-stm32.10.3-2021.10.win32_1.0.200.202301161003/tools/bin/../lib/gcc/arm-none-eabi/10.3.1/../../../../arm-none-eabi/lib/thumb/v7e-m+fp/hard\libc_nano.a(lib_a-nano-mallocr.o)
                0x000000002000540c                __malloc_free_list
 .bss.__malloc_sbrk_start
                0x0000000020005410        0x4 c:/st/stm32cubeide_1.12.0/stm32cubeide/plugins/com.st.stm32cube.ide.mcu.externaltools.gnu-tools-for-stm32.10.3-2021.10.win32_1.0.200.202301161003/tools/bin/../lib/gcc/arm-none-eabi/10.3.1/../../../../arm-none-eabi/lib/thumb/v7e-m+fp/hard\libc_nano.a(lib_a-nano-mallocr.o)
                0x0000000020005410                __malloc_sbrk_start
 .bss.errno     0x0000000020005414        0x4 c:/st/stm32cubeide_1.12.0/stm32cubeide/plugins/com.st.stm32cube.ide.mcu.externaltools.gnu-tools-for-stm32.10.3-2021.10.win32_1.0.200.202301161003/tools/bin/../lib/gcc/arm-none-eabi/10.3.1/../../../../arm-none-eabi/lib/thumb/v7e-m+fp/hard\libc_nano.a(lib_a-reent.o)
                0x0000000020005414                errno
 *(COMMON)
                0x0000000020005418                . = ALIGN (0x4)
                0x0000000020005418                _ebss = .
                0x0000000020005418                __bss_end__ = _ebss

._user_heap_stack
                0x0000000020005418      0x600
                0x0000000020005418                . = ALIGN (0x8)
                [!provide]                        PROVIDE (end = .)
                0x0000000020005418                PROVIDE (_end = .)
                0x0000000020005618                . = (. + _Min_Heap_Size)
 *fill*         0x0000000020005418      0x200 
                0x0000000020005a18                . = (. + _Min_Stack_Size)
 *fill*         0x0000000020005618      0x400 
                0x0000000020005a18                . = ALIGN (0x8)

/DISCARD/
 libc.a(*)
 libm.a(*)
 libgcc.a(*)

.ARM.attributes
                0x0000000000000000       0x30
 *(.ARM.attributes)
 .ARM.attributes
                0x0000000000000000       0x1e c:/st/stm32cubeide_1.12.0/stm32cubeide/plugins/com.st.stm32cube.ide.mcu.externaltools.gnu-tools-for-stm32.10.3-2021.10.win32_1.0.200.202301161003/tools/bin/../lib/gcc/arm-none-eabi/10.3.1/thumb/v7e-m+fp/hard/crti.o
 .ARM.attributes