../Core/Src/elevator_os.c:19:6:elevator_init	8	static
../Core/Src/elevator_os.c:38:6:elevator_terminate	8	static
../Core/Src/elevator_os.c:47:6:elevator_processing	8	static
../Core/Src/elevator_os.c:53:6:polling_button	8	static
../Core/Src/elevator_os.c:92:6:run_hw	8	static
../Core/Src/elevator_os.c:122:6:set_curr_status	16	static
../Core/Src/elevator_os.c:127:6:set_curr_floor	16	static
../Core/Src/elevator_os.c:132:6:set_target_floor	16	static
../Core/Src/elevator_os.c:137:9:get_curr_status	4	static
../Core/Src/elevator_os.c:142:9:get_curr_floor	4	static
../Core/Src/elevator_os.c:148:9:get_target_floor	4	static
../Core/Src/elevator_os.c:155:6:display_floor_info	48	static
../Core/Src/elevator_os.c:170:6:display_alert_info	48	static
